[    0.000000] Linux version 6.2.0-thor_kernel-mypark-00022-g59b829841755 (root@mypark) (gcc (GCC) 12.2.0, GNU ld (GNU Binutils) 2.39) #1 SMP PREEMPT_DYNAMIC Thu Jan 12 15:56:09 KST 2023
[    0.000000] Command line: BOOT_IMAGE=/torvalds-mypark-build root=PARTUUID=8fd8fa37-03 ro
[    0.000000] x86/fpu: Supporting XSAVE feature 0x001: 'x87 floating point registers'
[    0.000000] x86/fpu: Supporting XSAVE feature 0x002: 'SSE registers'
[    0.000000] x86/fpu: Supporting XSAVE feature 0x004: 'AVX registers'
[    0.000000] x86/fpu: xstate_offset[2]:  576, xstate_sizes[2]:  256
[    0.000000] x86/fpu: Enabled xstate features 0x7, context size is 832 bytes, using 'standard' format.
[    0.000000] signal: max sigframe size: 1776
[    0.000000] BIOS-provided physical RAM map:
[    0.000000] BIOS-e820: [mem 0x0000000000000000-0x000000000009fbff] usable
[    0.000000] BIOS-e820: [mem 0x000000000009fc00-0x000000000009ffff] reserved
[    0.000000] BIOS-e820: [mem 0x00000000000f0000-0x00000000000fffff] reserved
[    0.000000] BIOS-e820: [mem 0x0000000000100000-0x00000000dffeffff] usable
[    0.000000] BIOS-e820: [mem 0x00000000dfff0000-0x00000000dfffffff] ACPI data
[    0.000000] BIOS-e820: [mem 0x00000000fec00000-0x00000000fec00fff] reserved
[    0.000000] BIOS-e820: [mem 0x00000000fee00000-0x00000000fee00fff] reserved
[    0.000000] BIOS-e820: [mem 0x00000000fffc0000-0x00000000ffffffff] reserved
[    0.000000] BIOS-e820: [mem 0x0000000100000000-0x000000021fffffff] usable
[    0.000000] NX (Execute Disable) protection: active
[    0.000000] SMBIOS 2.5 present.
[    0.000000] DMI: innotek GmbH VirtualBox/VirtualBox, BIOS VirtualBox 12/01/2006
[    0.000000] Hypervisor detected: KVM
[    0.000000] kvm-clock: Using msrs 4b564d01 and 4b564d00
[    0.000001] kvm-clock: using sched offset of 70031204289 cycles
[    0.000003] clocksource: kvm-clock: mask: 0xffffffffffffffff max_cycles: 0x1cd42e4dffb, max_idle_ns: 881590591483 ns
[    0.000005] tsc: Detected 3095.998 MHz processor
[    0.000892] e820: update [mem 0x00000000-0x00000fff] usable ==> reserved
[    0.000895] e820: remove [mem 0x000a0000-0x000fffff] usable
[    0.000898] last_pfn = 0x220000 max_arch_pfn = 0x400000000
[    0.000906] MTRRs disabled by BIOS
[    0.000908] x86/PAT: Configuration [0-7]: WB  WC  UC- UC  WB  WP  UC- WT  
[    0.000925] last_pfn = 0xdfff0 max_arch_pfn = 0x400000000
[    0.011707] ACPI: Early table checksum verification disabled
[    0.011713] ACPI: RSDP 0x00000000000E0000 000024 (v02 VBOX  )
[    0.011717] ACPI: XSDT 0x00000000DFFF0030 00003C (v01 VBOX   VBOXXSDT 00000001 ASL  00000061)
[    0.011721] ACPI: FACP 0x00000000DFFF00F0 0000F4 (v04 VBOX   VBOXFACP 00000001 ASL  00000061)
[    0.011726] ACPI: DSDT 0x00000000DFFF0490 0022EA (v02 VBOX   VBOXBIOS 00000002 INTL 20100528)
[    0.011729] ACPI: FACS 0x00000000DFFF0200 000040
[    0.011731] ACPI: FACS 0x00000000DFFF0200 000040
[    0.011733] ACPI: APIC 0x00000000DFFF0240 00007C (v02 VBOX   VBOXAPIC 00000001 ASL  00000061)
[    0.011735] ACPI: SSDT 0x00000000DFFF02C0 0001CC (v01 VBOX   VBOXCPUT 00000002 INTL 20100528)
[    0.011737] ACPI: Reserving FACP table memory at [mem 0xdfff00f0-0xdfff01e3]
[    0.011738] ACPI: Reserving DSDT table memory at [mem 0xdfff0490-0xdfff2779]
[    0.011739] ACPI: Reserving FACS table memory at [mem 0xdfff0200-0xdfff023f]
[    0.011739] ACPI: Reserving FACS table memory at [mem 0xdfff0200-0xdfff023f]
[    0.011740] ACPI: Reserving APIC table memory at [mem 0xdfff0240-0xdfff02bb]
[    0.011740] ACPI: Reserving SSDT table memory at [mem 0xdfff02c0-0xdfff048b]
[    0.011891] No NUMA configuration found
[    0.011892] Faking a node at [mem 0x0000000000000000-0x000000021fffffff]
[    0.011894] NODE_DATA(0) allocated [mem 0x21fff8000-0x21fffbfff]
[    0.011906] Zone ranges:
[    0.011907]   DMA      [mem 0x0000000000001000-0x0000000000ffffff]
[    0.011908]   DMA32    [mem 0x0000000001000000-0x00000000ffffffff]
[    0.011909]   Normal   [mem 0x0000000100000000-0x000000021fffffff]
[    0.011910] Movable zone start for each node
[    0.011911] Early memory node ranges
[    0.011911]   node   0: [mem 0x0000000000001000-0x000000000009efff]
[    0.011912]   node   0: [mem 0x0000000000100000-0x00000000dffeffff]
[    0.011913]   node   0: [mem 0x0000000100000000-0x000000021fffffff]
[    0.011914] Initmem setup node 0 [mem 0x0000000000001000-0x000000021fffffff]
[    0.012091] On node 0, zone DMA: 1 pages in unavailable ranges
[    0.012104] On node 0, zone DMA: 97 pages in unavailable ranges
[    0.029891] On node 0, zone Normal: 16 pages in unavailable ranges
[    0.030266] ACPI: PM-Timer IO Port: 0x4008
[    0.030310] IOAPIC[0]: apic_id 6, version 32, address 0xfec00000, GSI 0-23
[    0.030313] ACPI: INT_SRC_OVR (bus 0 bus_irq 0 global_irq 2 dfl dfl)
[    0.030314] ACPI: INT_SRC_OVR (bus 0 bus_irq 9 global_irq 9 low level)
[    0.030318] ACPI: Using ACPI (MADT) for SMP configuration information
[    0.030322] smpboot: Allowing 6 CPUs, 0 hotplug CPUs
[    0.030340] PM: hibernation: Registered nosave memory: [mem 0x00000000-0x00000fff]
[    0.030341] PM: hibernation: Registered nosave memory: [mem 0x0009f000-0x0009ffff]
[    0.030342] PM: hibernation: Registered nosave memory: [mem 0x000a0000-0x000effff]
[    0.030342] PM: hibernation: Registered nosave memory: [mem 0x000f0000-0x000fffff]
[    0.030343] PM: hibernation: Registered nosave memory: [mem 0xdfff0000-0xdfffffff]
[    0.030344] PM: hibernation: Registered nosave memory: [mem 0xe0000000-0xfebfffff]
[    0.030344] PM: hibernation: Registered nosave memory: [mem 0xfec00000-0xfec00fff]
[    0.030344] PM: hibernation: Registered nosave memory: [mem 0xfec01000-0xfedfffff]
[    0.030345] PM: hibernation: Registered nosave memory: [mem 0xfee00000-0xfee00fff]
[    0.030345] PM: hibernation: Registered nosave memory: [mem 0xfee01000-0xfffbffff]
[    0.030346] PM: hibernation: Registered nosave memory: [mem 0xfffc0000-0xffffffff]
[    0.030347] [mem 0xe0000000-0xfebfffff] available for PCI devices
[    0.030348] Booting paravirtualized kernel on KVM
[    0.030349] clocksource: refined-jiffies: mask: 0xffffffff max_cycles: 0xffffffff, max_idle_ns: 1910969940391419 ns
[    0.034993] setup_percpu: NR_CPUS:64 nr_cpumask_bits:6 nr_cpu_ids:6 nr_node_ids:1
[    0.035249] percpu: Embedded 54 pages/cpu s181160 r8192 d31832 u262144
[    0.035252] pcpu-alloc: s181160 r8192 d31832 u262144 alloc=1*2097152
[    0.035255] pcpu-alloc: [0] 0 1 2 3 4 5 - - 
[    0.035269] Fallback order for Node 0: 0 
[    0.035271] Built 1 zonelists, mobility grouping on.  Total pages: 2064112
[    0.035272] Policy zone: Normal
[    0.035273] Kernel command line: BOOT_IMAGE=/torvalds-mypark-build root=PARTUUID=8fd8fa37-03 ro
[    0.035289] Unknown kernel command line parameters "BOOT_IMAGE=/torvalds-mypark-build", will be passed to user space.
[    0.035319] random: crng init done
[    0.036246] Dentry cache hash table entries: 1048576 (order: 11, 8388608 bytes, linear)
[    0.036693] Inode-cache hash table entries: 524288 (order: 10, 4194304 bytes, linear)
[    0.036785] mem auto-init: stack:all(zero), heap alloc:off, heap free:off
[    0.036789] software IO TLB: area num 8.
[    0.059728] Memory: 8137196K/8388152K available (18432K kernel code, 2641K rwdata, 6292K rodata, 2484K init, 1880K bss, 250696K reserved, 0K cma-reserved)
[    0.059754] SLUB: HWalign=64, Order=0-3, MinObjects=0, CPUs=6, Nodes=1
[    0.059761] Kernel/User page tables isolation: enabled
[    0.060523] Dynamic Preempt: voluntary
[    0.060722] rcu: Preemptible hierarchical RCU implementation.
[    0.060722] rcu: 	RCU event tracing is enabled.
[    0.060723] rcu: 	RCU restricting CPUs from NR_CPUS=64 to nr_cpu_ids=6.
[    0.060724] 	Trampoline variant of Tasks RCU enabled.
[    0.060724] rcu: RCU calculated value of scheduler-enlistment delay is 100 jiffies.
[    0.060725] rcu: Adjusting geometry for rcu_fanout_leaf=16, nr_cpu_ids=6
[    0.061659] NR_IRQS: 4352, nr_irqs: 472, preallocated irqs: 16
[    0.061811] rcu: srcu_init: Setting srcu_struct sizes based on contention.
[    0.066190] Console: colour VGA+ 80x25
[    0.066192] printk: console [tty0] enabled
[    0.089226] ACPI: Core revision 20221020
[    0.089531] APIC: Switch to symmetric I/O mode setup
[    0.090612] ..TIMER: vector=0x30 apic1=0 pin1=2 apic2=-1 pin2=-1
[    0.090830] clocksource: tsc-early: mask: 0xffffffffffffffff max_cycles: 0x2ca082f6619, max_idle_ns: 440795220240 ns
[    0.091160] Calibrating delay loop (skipped) preset value.. 6191.99 BogoMIPS (lpj=3095998)
[    0.091441] pid_max: default: 32768 minimum: 301
[    0.091621] LSM: initializing lsm=capability,integrity,selinux
[    0.091816] SELinux:  Initializing.
[    0.091984] Mount-cache hash table entries: 16384 (order: 5, 131072 bytes, linear)
[    0.092157] Mountpoint-cache hash table entries: 16384 (order: 5, 131072 bytes, linear)
[    0.093246] unchecked MSR access error: WRMSR to 0x3a (tried to write 0x0000000000000001) at rIP: 0xffffffffb9e45ff2 (init_ia32_feat_ctl+0x92/0x350)
[    0.093635] Call Trace:
[    0.093757]  <TASK>
[    0.093872]  init_intel+0xbd/0x4d0
[    0.094016]  identify_cpu+0x270/0x720
[    0.094157]  identify_boot_cpu+0x10/0xa9
[    0.094157]  check_bugs+0x27/0xf34
[    0.094157]  start_kernel+0x657/0x68f
[    0.094157]  secondary_startup_64_no_verify+0xe0/0xeb
[    0.094157]  </TASK>
[    0.094157] Last level iTLB entries: 4KB 128, 2MB 8, 4MB 8
[    0.094157] Last level dTLB entries: 4KB 64, 2MB 0, 4MB 0, 1GB 4
[    0.094157] Spectre V1 : Mitigation: usercopy/swapgs barriers and __user pointer sanitization
[    0.094157] Spectre V2 : Mitigation: Retpolines
[    0.094157] Spectre V2 : Spectre v2 / SpectreRSB mitigation: Filling RSB on context switch
[    0.094158] Spectre V2 : Spectre v2 / SpectreRSB : Filling RSB on VMEXIT
[    0.094367] RETBleed: WARNING: Spectre v2 mitigation leaves CPU vulnerable to RETBleed attacks, data leaks possible!
[    0.094690] RETBleed: Vulnerable
[    0.094829] Speculative Store Bypass: Vulnerable
[    0.095003] MDS: Mitigation: Clear CPU buffers
[    0.095158] MMIO Stale Data: Mitigation: Clear CPU buffers
[    0.095345] SRBDS: Unknown: Dependent on hypervisor status
[    0.109311] Freeing SMP alternatives memory: 44K
[    0.213342] smpboot: CPU0: Intel(R) Core(TM) i5-8600 CPU @ 3.10GHz (family: 0x6, model: 0x9e, stepping: 0xa)
[    0.213748] cblist_init_generic: Setting adjustable number of callback queues.
[    0.214071] cblist_init_generic: Setting shift to 3 and lim to 1.
[    0.214174] Performance Events: unsupported p6 CPU model 158 no PMU driver, software events only.
[    0.214487] rcu: Hierarchical SRCU implementation.
[    0.214655] rcu: 	Max phase no-delay instances is 400.
[    0.214957] smp: Bringing up secondary CPUs ...
[    0.215157] x86: Booting SMP configuration:
[    0.215159] .... node  #0, CPUs:      #1 #2 #3 #4 #5
[    0.226340] smp: Brought up 1 node, 6 CPUs
[    0.226709] smpboot: Max logical packages: 1
[    0.226953] smpboot: Total of 6 processors activated (37151.97 BogoMIPS)
[    0.235159] devtmpfs: initialized
[    0.237250] clocksource: jiffies: mask: 0xffffffff max_cycles: 0xffffffff, max_idle_ns: 1911260446275000 ns
[    0.238160] futex hash table entries: 2048 (order: 5, 131072 bytes, linear)
[    0.238697] PM: RTC time: 07:00:53, date: 2023-01-12
[    0.240187] NET: Registered PF_NETLINK/PF_ROUTE protocol family
[    0.240429] audit: initializing netlink subsys (disabled)
[    0.240635] audit: type=2000 audit(1673506924.397:1): state=initialized audit_enabled=0 res=1
[    0.240635] thermal_sys: Registered thermal governor 'step_wise'
[    0.241159] thermal_sys: Registered thermal governor 'user_space'
[    0.241383] cpuidle: using governor menu
[    0.242254] PCI: Using configuration type 1 for base access
[    0.242568] kprobes: kprobe jump-optimization is enabled. All kprobes are optimized if possible.
[    0.249241] HugeTLB: registered 2.00 MiB page size, pre-allocated 0 pages
[    0.249479] HugeTLB: 28 KiB vmemmap can be freed for a 2.00 MiB page
[    0.250515] ACPI: Added _OSI(Module Device)
[    0.250515] ACPI: Added _OSI(Processor Device)
[    0.250581] ACPI: Added _OSI(3.0 _SCP Extensions)
[    0.250750] ACPI: Added _OSI(Processor Aggregator Device)
[    0.251582] ACPI: 2 ACPI AML tables successfully acquired and loaded
[    0.316461] ACPI: Interpreter enabled
[    0.316461] ACPI: PM: (supports S0 S5)
[    0.316607] ACPI: Using IOAPIC for interrupt routing
[    0.316915] PCI: Using host bridge windows from ACPI; if necessary, use "pci=nocrs" and report a bug
[    0.317158] PCI: Using E820 reservations for host bridge windows
[    0.317452] ACPI: Enabled 2 GPEs in block 00 to 07
[    0.320915] ACPI: PCI Root Bridge [PCI0] (domain 0000 [bus 00-ff])
[    0.321129] acpi PNP0A03:00: _OSC: OS supports [ASPM ClockPM Segments MSI HPX-Type3]
[    0.321157] acpi PNP0A03:00: _OSC: not requesting OS control; OS requires [ExtendedConfig ASPM ClockPM MSI]
[    0.321157] acpi PNP0A03:00: fail to add MMCONFIG information, can't access extended configuration space under this bridge
[    0.322208] PCI host bridge to bus 0000:00
[    0.322374] pci_bus 0000:00: root bus resource [io  0x0000-0x0cf7 window]
[    0.322591] pci_bus 0000:00: root bus resource [io  0x0d00-0xffff window]
[    0.322807] pci_bus 0000:00: root bus resource [mem 0x000a0000-0x000bffff window]
[    0.323077] pci_bus 0000:00: root bus resource [mem 0xe0000000-0xfdffffff window]
[    0.323157] pci_bus 0000:00: root bus resource [bus 00-ff]
[    0.324184] pci 0000:00:00.0: [8086:1237] type 00 class 0x060000
[    0.324837] pci 0000:00:01.0: [8086:7000] type 00 class 0x060100
[    0.325790] pci 0000:00:01.1: [8086:7111] type 00 class 0x01018a
[    0.326527] pci 0000:00:01.1: reg 0x20: [io  0xd000-0xd00f]
[    0.326904] pci 0000:00:01.1: legacy IDE quirk: reg 0x10: [io  0x01f0-0x01f7]
[    0.327130] pci 0000:00:01.1: legacy IDE quirk: reg 0x14: [io  0x03f6]
[    0.327157] pci 0000:00:01.1: legacy IDE quirk: reg 0x18: [io  0x0170-0x0177]
[    0.327157] pci 0000:00:01.1: legacy IDE quirk: reg 0x1c: [io  0x0376]
[    0.327316] pci 0000:00:02.0: [15ad:0405] type 00 class 0x030000
[    0.333174] pci 0000:00:02.0: reg 0x10: [io  0xd010-0xd01f]
[    0.338158] pci 0000:00:02.0: reg 0x14: [mem 0xf0000000-0xf0ffffff]
[    0.345165] pci 0000:00:02.0: reg 0x18: [mem 0xf1000000-0xf11fffff]
[    0.362229] pci 0000:00:02.0: Video device with shadowed ROM at [mem 0x000c0000-0x000dffff]
[    0.363186] pci 0000:00:03.0: [8086:100e] type 00 class 0x020000
[    0.365294] pci 0000:00:03.0: reg 0x10: [mem 0xf1200000-0xf121ffff]
[    0.373172] pci 0000:00:03.0: reg 0x18: [io  0xd020-0xd027]
[    0.390501] pci 0000:00:04.0: [80ee:cafe] type 00 class 0x088000
[    0.393223] pci 0000:00:04.0: reg 0x10: [io  0xd040-0xd05f]
[    0.395238] pci 0000:00:04.0: reg 0x14: [mem 0xf1400000-0xf17fffff]
[    0.398172] pci 0000:00:04.0: reg 0x18: [mem 0xf1800000-0xf1803fff pref]
[    0.412202] pci 0000:00:05.0: [8086:2415] type 00 class 0x040100
[    0.412614] pci 0000:00:05.0: reg 0x10: [io  0xd100-0xd1ff]
[    0.413040] pci 0000:00:05.0: reg 0x14: [io  0xd200-0xd23f]
[    0.413491] pci 0000:00:06.0: [106b:003f] type 00 class 0x0c0310
[    0.416234] pci 0000:00:06.0: reg 0x10: [mem 0xf1804000-0xf1804fff]
[    0.435355] pci 0000:00:07.0: [8086:7113] type 00 class 0x068000
[    0.435952] pci 0000:00:07.0: quirk: [io  0x4000-0x403f] claimed by PIIX4 ACPI
[    0.436158] pci 0000:00:07.0: quirk: [io  0x4100-0x410f] claimed by PIIX4 SMB
[    0.436651] pci 0000:00:0d.0: [8086:2829] type 00 class 0x010601
[    0.438323] pci 0000:00:0d.0: reg 0x10: [io  0xd240-0xd247]
[    0.442174] pci 0000:00:0d.0: reg 0x14: [io  0xd248-0xd24b]
[    0.445195] pci 0000:00:0d.0: reg 0x18: [io  0xd250-0xd257]
[    0.448246] pci 0000:00:0d.0: reg 0x1c: [io  0xd258-0xd25b]
[    0.451274] pci 0000:00:0d.0: reg 0x20: [io  0xd260-0xd26f]
[    0.454293] pci 0000:00:0d.0: reg 0x24: [mem 0xf1806000-0xf1807fff]
[    0.461169] ACPI: PCI: Interrupt link LNKA configured for IRQ 11
[    0.461545] ACPI: PCI: Interrupt link LNKB configured for IRQ 10
[    0.461822] ACPI: PCI: Interrupt link LNKC configured for IRQ 9
[    0.462089] ACPI: PCI: Interrupt link LNKD configured for IRQ 11
[    0.462214] iommu: Default domain type: Translated 
[    0.462393] iommu: DMA domain TLB invalidation policy: lazy mode 
[    0.462665] SCSI subsystem initialized
[    0.463185] libata version 3.00 loaded.
[    0.463212] ACPI: bus type USB registered
[    0.463386] usbcore: registered new interface driver usbfs
[    0.463579] usbcore: registered new interface driver hub
[    0.463770] usbcore: registered new device driver usb
[    0.463960] pps_core: LinuxPPS API ver. 1 registered
[    0.464140] pps_core: Software ver. 5.3.6 - Copyright 2005-2007 Rodolfo Giometti <giometti@linux.it>
[    0.464157] PTP clock support registered
[    0.464157] Advanced Linux Sound Architecture Driver Initialized.
[    0.464164] NetLabel: Initializing
[    0.464362] NetLabel:  domain hash size = 128
[    0.464529] NetLabel:  protocols = UNLABELED CIPSOv4 CALIPSO
[    0.464742] NetLabel:  unlabeled traffic allowed by default
[    0.465207] PCI: Using ACPI for IRQ routing
[    0.465376] PCI: pci_cache_line_size set to 64 bytes
[    0.470231] e820: reserve RAM buffer [mem 0x0009fc00-0x0009ffff]
[    0.470240] e820: reserve RAM buffer [mem 0xdfff0000-0xdfffffff]
[    0.472182] pci 0000:00:02.0: vgaarb: setting as boot VGA device
[    0.472395] pci 0000:00:02.0: vgaarb: bridge control possible
[    0.472591] pci 0000:00:02.0: vgaarb: VGA device added: decodes=io+mem,owns=io+mem,locks=none
[    0.472886] vgaarb: loaded
[    0.473729] clocksource: Switched to clocksource kvm-clock
[    0.474461] VFS: Disk quotas dquot_6.6.0
[    0.474687] VFS: Dquot-cache hash table entries: 512 (order 0, 4096 bytes)
[    0.475017] pnp: PnP ACPI init
[    0.475083] pnp: PnP ACPI: found 2 devices
[    0.489614] clocksource: acpi_pm: mask: 0xffffff max_cycles: 0xffffff, max_idle_ns: 2085701024 ns
[    0.489957] NET: Registered PF_INET protocol family
[    0.490399] IP idents hash table entries: 131072 (order: 8, 1048576 bytes, linear)
[    0.491705] tcp_listen_portaddr_hash hash table entries: 4096 (order: 4, 65536 bytes, linear)
[    0.492078] Table-perturb hash table entries: 65536 (order: 6, 262144 bytes, linear)
[    0.492377] TCP established hash table entries: 65536 (order: 7, 524288 bytes, linear)
[    0.492803] TCP bind hash table entries: 65536 (order: 9, 2097152 bytes, linear)
[    0.493392] TCP: Hash tables configured (established 65536 bind 65536)
[    0.493627] UDP hash table entries: 4096 (order: 5, 131072 bytes, linear)
[    0.493858] UDP-Lite hash table entries: 4096 (order: 5, 131072 bytes, linear)
[    0.494386] NET: Registered PF_UNIX/PF_LOCAL protocol family
[    0.495003] RPC: Registered named UNIX socket transport module.
[    0.495250] RPC: Registered udp transport module.
[    0.495426] RPC: Registered tcp transport module.
[    0.495598] RPC: Registered tcp NFSv4.1 backchannel transport module.
[    0.496173] pci_bus 0000:00: resource 4 [io  0x0000-0x0cf7 window]
[    0.496415] pci_bus 0000:00: resource 5 [io  0x0d00-0xffff window]
[    0.496623] pci_bus 0000:00: resource 6 [mem 0x000a0000-0x000bffff window]
[    0.496841] pci_bus 0000:00: resource 7 [mem 0xe0000000-0xfdffffff window]
[    0.497104] pci 0000:00:00.0: Limiting direct PCI/PCI transfers
[    0.498243] PCI: CLS 0 bytes, default 64
[    0.498434] PCI-DMA: Using software bounce buffering for IO (SWIOTLB)
[    0.498687] software IO TLB: mapped [mem 0x00000000dbff0000-0x00000000dfff0000] (64MB)
[    0.499334] RAPL PMU: API unit is 2^-32 Joules, 0 fixed counters, 10737418240 ms ovfl timer
[    0.499635] clocksource: tsc: mask: 0xffffffffffffffff max_cycles: 0x2ca082f6619, max_idle_ns: 440795220240 ns
[    0.511851] clocksource: Switched to clocksource tsc
[    0.512066] platform rtc_cmos: registered platform RTC device (no PNP device found)
[    0.514353] Initialise system trusted keyrings
[    0.514684] workingset: timestamp_bits=56 max_order=21 bucket_order=0
[    0.515108] NFS: Registering the id_resolver key type
[    0.515294] Key type id_resolver registered
[    0.515456] Key type id_legacy registered
[    0.515746] 9p: Installing v9fs 9p2000 file system support
[    0.522352] Key type asymmetric registered
[    0.522352] Asymmetric key parser 'x509' registered
[    0.522352] Block layer SCSI generic (bsg) driver version 0.4 loaded (major 251)
[    0.522352] io scheduler mq-deadline registered
[    0.522352] io scheduler kyber registered
[    0.524834] ACPI: AC: AC Adapter [AC] (on-line)
[    0.525043] input: Power Button as /devices/LNXSYSTM:00/LNXPWRBN:00/input/input0
[    0.525455] ACPI: button: Power Button [PWRF]
[    0.525681] input: Sleep Button as /devices/LNXSYSTM:00/LNXSLPBN:00/input/input1
[    0.525964] ACPI: button: Sleep Button [SLPF]
[    0.526196] ACPI: video: Video Device [GFX0] (multi-head: yes  rom: no  post: no)
[    0.526532] input: Video Bus as /devices/LNXSYSTM:00/LNXSYBUS:00/PNP0A03:00/LNXVIDEO:00/input/input2
[    0.527222] Serial: 8250/16550 driver, 4 ports, IRQ sharing enabled
[    0.528021] Non-volatile memory driver v1.3
[    0.528188] Linux agpgart interface v0.103
[    0.528930] ACPI: bus type drm_connector registered
[    0.531427] loop: module loaded
[    0.531613] ahci 0000:00:0d.0: version 3.0
[    0.531983] ahci 0000:00:0d.0: SSS flag set, parallel bus scan disabled
[    0.532474] ahci 0000:00:0d.0: AHCI 0001.0100 32 slots 2 ports 3 Gbps 0x3 impl SATA mode
[    0.532761] ahci 0000:00:0d.0: flags: 64bit ncq stag only ccc 
[    0.533451] scsi host0: ahci
[    0.533917] scsi host1: ahci
[    0.534101] ata1: SATA max UDMA/133 abar m8192@0xf1806000 port 0xf1806100 irq 21
[    0.534374] ata2: SATA max UDMA/133 abar m8192@0xf1806000 port 0xf1806180 irq 21
[    0.534665] ata_piix 0000:00:01.1: version 2.13
[    0.535532] scsi host2: ata_piix
[    0.536032] scsi host3: ata_piix
[    0.536214] ata3: PATA max UDMA/33 cmd 0x1f0 ctl 0x3f6 bmdma 0xd000 irq 14
[    0.536435] ata4: PATA max UDMA/33 cmd 0x170 ctl 0x376 bmdma 0xd008 irq 15
[    0.536810] e100: Intel(R) PRO/100 Network Driver
[    0.537337] e100: Copyright(c) 1999-2006 Intel Corporation
[    0.537547] e1000: Intel(R) PRO/1000 Network Driver
[    0.537786] e1000: Copyright (c) 1999-2006 Intel Corporation.
[    0.691750] ata4.00: ATAPI: VBOX CD-ROM, 1.0, max UDMA/133
[    0.844364] ata1: SATA link down (SStatus 0 SControl 300)
[    0.886220] e1000 0000:00:03.0 eth0: (PCI:33MHz:32-bit) 08:00:27:f6:af:59
[    0.886664] e1000 0000:00:03.0 eth0: Intel(R) PRO/1000 Network Connection
[    0.887022] e1000e: Intel(R) PRO/1000 Network Driver
[    0.887215] e1000e: Copyright(c) 1999 - 2015 Intel Corporation.
[    0.887417] sky2: driver version 1.30
[    0.888438] ohci-pci 0000:00:06.0: OHCI PCI host controller
[    0.888756] ohci-pci 0000:00:06.0: new USB bus registered, assigned bus number 1
[    0.889066] ohci-pci 0000:00:06.0: irq 22, io mem 0xf1804000
[    0.942079] usb usb1: New USB device found, idVendor=1d6b, idProduct=0001, bcdDevice= 6.02
[    0.942504] usb usb1: New USB device strings: Mfr=3, Product=2, SerialNumber=1
[    0.942895] usb usb1: Product: OHCI PCI host controller
[    0.943102] usb usb1: Manufacturer: Linux 6.2.0-thor_kernel-mypark-00022-g59b829841755 ohci_hcd
[    0.943418] usb usb1: SerialNumber: 0000:00:06.0
[    0.943780] hub 1-0:1.0: USB hub found
[    0.943940] hub 1-0:1.0: 12 ports detected
[    0.944486] usbcore: registered new interface driver usblp
[    0.944678] usbcore: registered new interface driver usb-storage
[    0.944896] i8042: PNP: PS/2 Controller [PNP0303:PS2K,PNP0f03:PS2M] at 0x60,0x64 irq 1,12
[    0.945632] serio: i8042 KBD port at 0x60,0x64 irq 1
[    0.945812] serio: i8042 AUX port at 0x60,0x64 irq 12
[    0.947212] rtc_cmos rtc_cmos: registered as rtc0
[    0.947596] rtc_cmos rtc_cmos: alarms up to one day, 114 bytes nvram
[    0.947823] input: AT Translated Set 2 keyboard as /devices/platform/i8042/serio0/input/input3
[    0.948275] fail to initialize ptp_kvm
[    0.948612] device-mapper: ioctl: 4.47.0-ioctl (2022-07-28) initialised: dm-devel@redhat.com
[    0.949318] intel_pstate: CPU model not supported
[    0.949601] hid: raw HID events driver (C) Jiri Kosina
[    0.949967] usbcore: registered new interface driver usbhid
[    0.950217] usbhid: USB HID core driver
[    0.952474] Initializing XFRM netlink socket
[    0.952674] NET: Registered PF_INET6 protocol family
[    0.953847] Segment Routing with IPv6
[    0.954098] In-situ OAM (IOAM) with IPv6
[    0.954447] sit: IPv6, IPv4 and MPLS over IPv4 tunneling driver
[    0.954905] NET: Registered PF_PACKET protocol family
[    0.955122] 9pnet: Installing 9P2000 support
[    0.955308] Key type dns_resolver registered
[    0.957632] IPI shorthand broadcast: enabled
[    0.959277] sched_clock: Marking stable (929080081, 29197774)->(974507459, -16229604)
[    0.960156] registered taskstats version 1
[    0.960338] Loading compiled-in X.509 certificates
[    0.961496] PM:   Magic number: 7:571:15
[    0.961683] printk: console [netcon0] enabled
[    0.961842] netconsole: network logging started
[    0.962366] cfg80211: Loading compiled-in X.509 certificates for regulatory database
[    0.962885] kworker/u12:0 (78) used greatest stack depth: 14184 bytes left
[    0.963840] cfg80211: Loaded X.509 cert 'sforshee: 00b28ddf47aef9cea7'
[    0.964146] platform regulatory.0: Direct firmware load for regulatory.db failed with error -2
[    0.964508] cfg80211: failed to load regulatory.db
[    0.964687] ALSA device list:
[    0.964819]   No soundcards found.
[    1.166390] ata2: SATA link up 3.0 Gbps (SStatus 123 SControl 300)
[    1.166840] ata2.00: ATA-6: VBOX HARDDISK, 1.0, max UDMA/133
[    1.167619] ata2.00: 83886080 sectors, multi 128: LBA48 NCQ (depth 32)
[    1.168174] ata2.00: configured for UDMA/133
[    1.168512] scsi 1:0:0:0: Direct-Access     ATA      VBOX HARDDISK    1.0  PQ: 0 ANSI: 5
[    1.169133] sd 1:0:0:0: [sda] 83886080 512-byte logical blocks: (42.9 GB/40.0 GiB)
[    1.169223] sd 1:0:0:0: Attached scsi generic sg0 type 0
[    1.169577] sd 1:0:0:0: [sda] Write Protect is off
[    1.170346] sd 1:0:0:0: [sda] Mode Sense: 00 3a 00 00
[    1.170360] sd 1:0:0:0: [sda] Write cache: enabled, read cache: enabled, doesn't support DPO or FUA
[    1.170761] scsi 3:0:0:0: CD-ROM            VBOX     CD-ROM           1.0  PQ: 0 ANSI: 5
[    1.170885] sd 1:0:0:0: [sda] Preferred minimum I/O size 512 bytes
[    1.172600] input: ImExPS/2 Generic Explorer Mouse as /devices/platform/i8042/serio1/input/input5
[    1.177976]  sda: sda1 sda2 sda3
[    1.178498] sd 1:0:0:0: [sda] Attached SCSI disk
[    1.233611] usb 1-1: new full-speed USB device number 2 using ohci-pci
[    1.233946] sr 3:0:0:0: [sr0] scsi3-mmc drive: 32x/32x xa/form2 tray
[    1.234158] cdrom: Uniform CD-ROM driver Revision: 3.20
[    1.256068] sr 3:0:0:0: Attached scsi CD-ROM sr0
[    1.256237] sr 3:0:0:0: Attached scsi generic sg1 type 5
[    1.256671] md: Waiting for all devices to be available before autodetect
[    1.256885] md: If you don't use raid, use raid=noautodetect
[    1.257073] md: Autodetecting RAID arrays.
[    1.257228] md: autorun ...
[    1.257357] md: ... autorun DONE.
[    1.261347] EXT4-fs (sda3): mounted filesystem dc9f5960-0745-4ebb-9221-81bff4c4ad71 with ordered data mode. Quota mode: none.
[    1.261707] VFS: Mounted root (ext4 filesystem) readonly on device 8:3.
[    1.262395] devtmpfs: mounted
[    1.263480] Freeing unused kernel image (initmem) memory: 2484K
[    1.267402] Write protecting the kernel read-only data: 26624k
[    1.268250] Freeing unused kernel image (rodata/data gap) memory: 1900K
[    1.303719] x86/mm: Checked W+X mappings: passed, no W+X pages found.
[    1.303949] x86/mm: Checking user space page tables
[    1.339258] x86/mm: Checked W+X mappings: passed, no W+X pages found.
[    1.339490] Run /sbin/init as init process
[    1.339646]   with arguments:
[    1.339647]     /sbin/init
[    1.339647]   with environment:
[    1.339648]     HOME=/
[    1.339648]     TERM=linux
[    1.339649]     BOOT_IMAGE=/torvalds-mypark-build
[    1.370578] stty (91) used greatest stack depth: 13504 bytes left
[    1.376153] dmesg (92) used greatest stack depth: 13480 bytes left
[    1.441170] ip (145) used greatest stack depth: 12944 bytes left
[    1.470837] usb 1-1: New USB device found, idVendor=80ee, idProduct=0021, bcdDevice= 1.00
[    1.471217] usb 1-1: New USB device strings: Mfr=1, Product=3, SerialNumber=0
[    1.471557] usb 1-1: Product: USB Tablet
[    1.471716] usb 1-1: Manufacturer: VirtualBox
[    1.472311] udevd[170]: starting version 3.2.11
[    1.482578] input: VirtualBox USB Tablet as /devices/pci0000:00/0000:00:06.0/usb1/1-1/1-1:1.0/0003:80EE:0021.0001/input/input6
[    1.483110] hid-generic 0003:80EE:0021.0001: input,hidraw0: USB HID v1.10 Mouse [VirtualBox USB Tablet] on usb-0000:00:06.0-1/input0
[    1.485321] udevd[171]: starting eudev-3.2.11
[    1.525160] e1000 0000:00:03.0 mypark-enp0s3: renamed from eth0
[    6.603159] Adding 2097148k swap on /dev/sda2.  Priority:1 extents:1 across:2097148k 
[    6.615174] EXT4-fs (sda3): re-mounted dc9f5960-0745-4ebb-9221-81bff4c4ad71. Quota mode: none.
[    6.643581] EXT4-fs (sda3): re-mounted dc9f5960-0745-4ebb-9221-81bff4c4ad71. Quota mode: none.
[    6.656647] EXT4-fs (sda1): mounting ext2 file system using the ext4 subsystem
[    6.658076] EXT4-fs (sda1): warning: mounting unchecked fs, running e2fsck is recommended
[    6.658768] EXT4-fs (sda1): mounted filesystem d7a74b88-d0a9-44b9-9b9d-6ec2c69737bc without journal. Quota mode: none.
[    7.175788] e1000: mypark-enp0s3 NIC Link is Up 1000 Mbps Full Duplex, Flow Control: RX
[    7.176384] IPv6: ADDRCONF(NETDEV_CHANGE): mypark-enp0s3: link becomes ready
