[    0.000000] Linux version 6.2.0-rc5-next-20230123-mypark (root@mypark) (gcc (GCC) 12.2.0, GNU ld (GNU Binutils) 2.39) #2 SMP PREEMPT_DYNAMIC Tue Jan 24 10:48:22 KST 2023
[    0.000000] Command line: BOOT_IMAGE=/next-230123 root=PARTUUID=8fd8fa37-03 ro
[    0.000000] x86/fpu: Supporting XSAVE feature 0x001: 'x87 floating point registers'
[    0.000000] x86/fpu: Supporting XSAVE feature 0x002: 'SSE registers'
[    0.000000] x86/fpu: Supporting XSAVE feature 0x004: 'AVX registers'
[    0.000000] x86/fpu: xstate_offset[2]:  576, xstate_sizes[2]:  256
[    0.000000] x86/fpu: Enabled xstate features 0x7, context size is 832 bytes, using 'standard' format.
[    0.000000] signal: max sigframe size: 1776
[    0.000000] BIOS-provided physical RAM map:
[    0.000000] BIOS-e820: [mem 0x0000000000000000-0x000000000009fbff] usable
[    0.000000] BIOS-e820: [mem 0x000000000009fc00-0x000000000009ffff] reserved
[    0.000000] BIOS-e820: [mem 0x00000000000f0000-0x00000000000fffff] reserved
[    0.000000] BIOS-e820: [mem 0x0000000000100000-0x000000007ffddfff] usable
[    0.000000] BIOS-e820: [mem 0x000000007ffde000-0x000000007fffffff] reserved
[    0.000000] BIOS-e820: [mem 0x00000000b0000000-0x00000000bfffffff] reserved
[    0.000000] BIOS-e820: [mem 0x00000000fed1c000-0x00000000fed1ffff] reserved
[    0.000000] BIOS-e820: [mem 0x00000000fffc0000-0x00000000ffffffff] reserved
[    0.000000] BIOS-e820: [mem 0x0000000100000000-0x000000027fffffff] usable
[    0.000000] NX (Execute Disable) protection: active
[    0.000000] SMBIOS 2.8 present.
[    0.000000] DMI: QEMU Standard PC (Q35 + ICH9, 2009), BIOS rel-1.16.1-0-g3208b098f51a-prebuilt.qemu.org 04/01/2014
[    0.000000] e820: update [mem 0x00000000-0x00000fff] usable ==> reserved
[    0.000000] e820: remove [mem 0x000a0000-0x000fffff] usable
[    0.000000] last_pfn = 0x280000 max_arch_pfn = 0x400000000
[    0.000000] MTRRs disabled by BIOS
[    0.000000] x86/PAT: PAT support disabled by the firmware.
[    0.000000] x86/PAT: Configuration [0-7]: WB  WT  UC- UC  WB  WT  UC- UC  
[    0.000000] last_pfn = 0x7ffde max_arch_pfn = 0x400000000
[    0.000000] found SMP MP-table at [mem 0x000f5bd0-0x000f5bdf]
[    0.000000] Using GB pages for direct mapping
[    0.000000] ACPI: Early table checksum verification disabled
[    0.000000] ACPI: RSDP 0x00000000000F59E0 000014 (v00 BOCHS )
[    0.000000] ACPI: RSDT 0x000000007FFE24C5 000038 (v01 BOCHS  BXPC     00000001 BXPC 00000001)
[    0.000000] ACPI: FACP 0x000000007FFE2295 0000F4 (v03 BOCHS  BXPC     00000001 BXPC 00000001)
[    0.000000] ACPI: DSDT 0x000000007FFE0040 002255 (v01 BOCHS  BXPC     00000001 BXPC 00000001)
[    0.000000] ACPI: FACS 0x000000007FFE0000 000040
[    0.000000] ACPI: APIC 0x000000007FFE2389 0000A0 (v01 BOCHS  BXPC     00000001 BXPC 00000001)
[    0.000000] ACPI: HPET 0x000000007FFE2429 000038 (v01 BOCHS  BXPC     00000001 BXPC 00000001)
[    0.000000] ACPI: MCFG 0x000000007FFE2461 00003C (v01 BOCHS  BXPC     00000001 BXPC 00000001)
[    0.000000] ACPI: WAET 0x000000007FFE249D 000028 (v01 BOCHS  BXPC     00000001 BXPC 00000001)
[    0.000000] ACPI: Reserving FACP table memory at [mem 0x7ffe2295-0x7ffe2388]
[    0.000000] ACPI: Reserving DSDT table memory at [mem 0x7ffe0040-0x7ffe2294]
[    0.000000] ACPI: Reserving FACS table memory at [mem 0x7ffe0000-0x7ffe003f]
[    0.000000] ACPI: Reserving APIC table memory at [mem 0x7ffe2389-0x7ffe2428]
[    0.000000] ACPI: Reserving HPET table memory at [mem 0x7ffe2429-0x7ffe2460]
[    0.000000] ACPI: Reserving MCFG table memory at [mem 0x7ffe2461-0x7ffe249c]
[    0.000000] ACPI: Reserving WAET table memory at [mem 0x7ffe249d-0x7ffe24c4]
[    0.000000] No NUMA configuration found
[    0.000000] Faking a node at [mem 0x0000000000000000-0x000000027fffffff]
[    0.000000] NODE_DATA(0) allocated [mem 0x27fffc000-0x27fffffff]
[    0.000000] Zone ranges:
[    0.000000]   DMA      [mem 0x0000000000001000-0x0000000000ffffff]
[    0.000000]   DMA32    [mem 0x0000000001000000-0x00000000ffffffff]
[    0.000000]   Normal   [mem 0x0000000100000000-0x000000027fffffff]
[    0.000000] Movable zone start for each node
[    0.000000] Early memory node ranges
[    0.000000]   node   0: [mem 0x0000000000001000-0x000000000009efff]
[    0.000000]   node   0: [mem 0x0000000000100000-0x000000007ffddfff]
[    0.000000]   node   0: [mem 0x0000000100000000-0x000000027fffffff]
[    0.000000] Initmem setup node 0 [mem 0x0000000000001000-0x000000027fffffff]
[    0.000000] On node 0, zone DMA: 1 pages in unavailable ranges
[    0.000000] On node 0, zone DMA: 97 pages in unavailable ranges
[    0.000000] On node 0, zone Normal: 34 pages in unavailable ranges
[    0.000000] ACPI: PM-Timer IO Port: 0x608
[    0.000000] ACPI: LAPIC_NMI (acpi_id[0xff] dfl dfl lint[0x1])
[    0.000000] IOAPIC[0]: apic_id 0, version 32, address 0xfec00000, GSI 0-23
[    0.000000] ACPI: INT_SRC_OVR (bus 0 bus_irq 0 global_irq 2 dfl dfl)
[    0.000000] ACPI: INT_SRC_OVR (bus 0 bus_irq 5 global_irq 5 high level)
[    0.000000] ACPI: INT_SRC_OVR (bus 0 bus_irq 9 global_irq 9 high level)
[    0.000000] ACPI: INT_SRC_OVR (bus 0 bus_irq 10 global_irq 10 high level)
[    0.000000] ACPI: INT_SRC_OVR (bus 0 bus_irq 11 global_irq 11 high level)
[    0.000000] ACPI: Using ACPI (MADT) for SMP configuration information
[    0.000000] ACPI: HPET id: 0x8086a201 base: 0xfed00000
[    0.000000] smpboot: Allowing 6 CPUs, 0 hotplug CPUs
[    0.000000] PM: hibernation: Registered nosave memory: [mem 0x00000000-0x00000fff]
[    0.000000] PM: hibernation: Registered nosave memory: [mem 0x0009f000-0x0009ffff]
[    0.000000] PM: hibernation: Registered nosave memory: [mem 0x000a0000-0x000effff]
[    0.000000] PM: hibernation: Registered nosave memory: [mem 0x000f0000-0x000fffff]
[    0.000000] PM: hibernation: Registered nosave memory: [mem 0x7ffde000-0x7fffffff]
[    0.000000] PM: hibernation: Registered nosave memory: [mem 0x80000000-0xafffffff]
[    0.000000] PM: hibernation: Registered nosave memory: [mem 0xb0000000-0xbfffffff]
[    0.000000] PM: hibernation: Registered nosave memory: [mem 0xc0000000-0xfed1bfff]
[    0.000000] PM: hibernation: Registered nosave memory: [mem 0xfed1c000-0xfed1ffff]
[    0.000000] PM: hibernation: Registered nosave memory: [mem 0xfed20000-0xfffbffff]
[    0.000000] PM: hibernation: Registered nosave memory: [mem 0xfffc0000-0xffffffff]
[    0.000000] [mem 0xc0000000-0xfed1bfff] available for PCI devices
[    0.000000] Booting paravirtualized kernel on bare hardware
[    0.000000] clocksource: refined-jiffies: mask: 0xffffffff max_cycles: 0xffffffff, max_idle_ns: 1910969940391419 ns
[    0.000000] setup_percpu: NR_CPUS:64 nr_cpumask_bits:6 nr_cpu_ids:6 nr_node_ids:1
[    0.000000] percpu: Embedded 54 pages/cpu s182248 r8192 d30744 u262144
[    0.000000] pcpu-alloc: s182248 r8192 d30744 u262144 alloc=1*2097152
[    0.000000] pcpu-alloc: [0] 0 1 2 3 4 5 - - 
[    0.000000] Fallback order for Node 0: 0 
[    0.000000] Built 1 zonelists, mobility grouping on.  Total pages: 2064094
[    0.000000] Policy zone: Normal
[    0.000000] Kernel command line: BOOT_IMAGE=/next-230123 root=PARTUUID=8fd8fa37-03 ro
[    0.000000] Unknown kernel command line parameters "BOOT_IMAGE=/next-230123", will be passed to user space.
[    0.000000] random: crng init done
[    0.000000] Dentry cache hash table entries: 1048576 (order: 11, 8388608 bytes, linear)
[    0.000000] Inode-cache hash table entries: 524288 (order: 10, 4194304 bytes, linear)
[    0.000000] mem auto-init: stack:all(zero), heap alloc:off, heap free:off
[    0.000000] software IO TLB: area num 8.
[    0.000000] Memory: 8137136K/8388080K available (18432K kernel code, 2647K rwdata, 6312K rodata, 2504K init, 1836K bss, 250684K reserved, 0K cma-reserved)
[    0.000000] SLUB: HWalign=64, Order=0-3, MinObjects=0, CPUs=6, Nodes=1
[    0.000000] Kernel/User page tables isolation: enabled
[    0.000000] Dynamic Preempt: voluntary
[    0.000000] rcu: Preemptible hierarchical RCU implementation.
[    0.000000] rcu: 	RCU event tracing is enabled.
[    0.000000] rcu: 	RCU restricting CPUs from NR_CPUS=64 to nr_cpu_ids=6.
[    0.000000] 	Trampoline variant of Tasks RCU enabled.
[    0.000000] rcu: RCU calculated value of scheduler-enlistment delay is 100 jiffies.
[    0.000000] rcu: Adjusting geometry for rcu_fanout_leaf=16, nr_cpu_ids=6
[    0.000000] NR_IRQS: 4352, nr_irqs: 472, preallocated irqs: 16
[    0.000000] rcu: srcu_init: Setting srcu_struct sizes based on contention.
[    0.000000] Console: colour VGA+ 80x25
[    0.000000] printk: console [tty0] enabled
[    0.000000] ACPI: Core revision 20221020
[    0.000000] clocksource: hpet: mask: 0xffffffff max_cycles: 0xffffffff, max_idle_ns: 19112604467 ns
[    0.001000] APIC: Switch to symmetric I/O mode setup
[    0.004000] ..TIMER: vector=0x30 apic1=0 pin1=2 apic2=-1 pin2=-1
[    0.010000] tsc: PIT calibration matches HPET. 1 loops
[    0.011000] tsc: Detected 3095.711 MHz processor
[    0.000003] clocksource: tsc-early: mask: 0xffffffffffffffff max_cycles: 0x2c9f74294e3, max_idle_ns: 440795256464 ns
[    0.001477] Calibrating delay loop (skipped), value calculated using timer frequency.. 6191.42 BogoMIPS (lpj=3095711)
[    0.002477] pid_max: default: 32768 minimum: 301
[    0.003213] LSM: initializing lsm=capability,integrity,selinux
[    0.003480] SELinux:  Initializing.
[    0.004501] Mount-cache hash table entries: 16384 (order: 5, 131072 bytes, linear)
[    0.005475] Mountpoint-cache hash table entries: 16384 (order: 5, 131072 bytes, linear)
[    0.006833] Last level iTLB entries: 4KB 0, 2MB 0, 4MB 0
[    0.007475] Last level dTLB entries: 4KB 0, 2MB 0, 4MB 0, 1GB 0
[    0.007479] Spectre V1 : Mitigation: usercopy/swapgs barriers and __user pointer sanitization
[    0.008477] Spectre V2 : Mitigation: Retpolines
[    0.009476] Spectre V2 : Spectre v2 / SpectreRSB mitigation: Filling RSB on context switch
[    0.010477] Spectre V2 : Spectre v2 / SpectreRSB : Filling RSB on VMEXIT
[    0.011427] RETBleed: WARNING: Spectre v2 mitigation leaves CPU vulnerable to RETBleed attacks, data leaks possible!
[    0.011477] RETBleed: Vulnerable
[    0.012477] Speculative Store Bypass: Vulnerable
[    0.013481] MDS: Vulnerable: Clear CPU buffers attempted, no microcode
[    0.014411] TAA: Vulnerable: Clear CPU buffers attempted, no microcode
[    0.014476] MMIO Stale Data: Vulnerable: Clear CPU buffers attempted, no microcode
[    0.015477] SRBDS: Unknown: Dependent on hypervisor status
[    0.026112] Freeing SMP alternatives memory: 44K
[    0.107653] smpboot: CPU0: Intel 06/9e (family: 0x6, model: 0x9e, stepping: 0xa)
[    0.108543] cblist_init_generic: Setting adjustable number of callback queues.
[    0.109475] cblist_init_generic: Setting shift to 3 and lim to 1.
[    0.109492] Performance Events: unsupported p6 CPU model 158 no PMU driver, software events only.
[    0.110508] rcu: Hierarchical SRCU implementation.
[    0.111477] rcu: 	Max phase no-delay instances is 400.
[    0.112366] smp: Bringing up secondary CPUs ...
[    0.112530] x86: Booting SMP configuration:
[    0.113198] .... node  #0, CPUs:      #1
[    0.116528] MDS CPU bug present and SMT on, data leak possible. See https://www.kernel.org/doc/html/latest/admin-guide/hw-vuln/mds.html for more details.
[    0.118479] TAA CPU bug present and SMT on, data leak possible. See https://www.kernel.org/doc/html/latest/admin-guide/hw-vuln/tsx_async_abort.html for more details.
[    0.119477] MMIO Stale Data CPU bug present and SMT on, data leak possible. See https://www.kernel.org/doc/html/latest/admin-guide/hw-vuln/processor_mmio_stale_data.html for more details.
[    0.120540]  #2 #3 #4 #5
[    0.132113] smp: Brought up 1 node, 6 CPUs
[    0.133477] smpboot: Max logical packages: 1
[    0.134153] smpboot: Total of 6 processors activated (37148.53 BogoMIPS)
[    0.135532] devtmpfs: initialized
[    0.136702] clocksource: jiffies: mask: 0xffffffff max_cycles: 0xffffffff, max_idle_ns: 1911260446275000 ns
[    0.137479] futex hash table entries: 2048 (order: 5, 131072 bytes, linear)
[    0.138636] PM: RTC time: 07:24:06, date: 2023-01-24
[    0.140193] NET: Registered PF_NETLINK/PF_ROUTE protocol family
[    0.140525] audit: initializing netlink subsys (disabled)
[    0.141564] thermal_sys: Registered thermal governor 'step_wise'
[    0.141566] thermal_sys: Registered thermal governor 'user_space'
[    0.141516] audit: type=2000 audit(1674545046.153:1): state=initialized audit_enabled=0 res=1
[    0.144490] cpuidle: using governor menu
[    0.145274] PCI: MMCONFIG for domain 0000 [bus 00-ff] at [mem 0xb0000000-0xbfffffff] (base 0xb0000000)
[    0.145478] PCI: MMCONFIG at [mem 0xb0000000-0xbfffffff] reserved as E820 entry
[    0.146481] PCI: Using configuration type 1 for base access
[    0.147600] kprobes: kprobe jump-optimization is enabled. All kprobes are optimized if possible.
[    0.149572] HugeTLB: registered 2.00 MiB page size, pre-allocated 0 pages
[    0.150477] HugeTLB: 28 KiB vmemmap can be freed for a 2.00 MiB page
[    0.151801] ACPI: Added _OSI(Module Device)
[    0.152478] ACPI: Added _OSI(Processor Device)
[    0.153202] ACPI: Added _OSI(3.0 _SCP Extensions)
[    0.153477] ACPI: Added _OSI(Processor Aggregator Device)
[    0.155041] ACPI: 1 ACPI AML tables successfully acquired and loaded
[    0.206586] ACPI: Interpreter enabled
[    0.207230] ACPI: PM: (supports S0 S3 S4 S5)
[    0.207477] ACPI: Using IOAPIC for interrupt routing
[    0.208496] PCI: Using host bridge windows from ACPI; if necessary, use "pci=nocrs" and report a bug
[    0.209477] PCI: Using E820 reservations for host bridge windows
[    0.210550] ACPI: Enabled 2 GPEs in block 00 to 3F
[    0.212519] ACPI: PCI Root Bridge [PCI0] (domain 0000 [bus 00-ff])
[    0.213436] acpi PNP0A08:00: _OSC: OS supports [ExtendedConfig ASPM ClockPM Segments MSI HPX-Type3]
[    0.213506] acpi PNP0A08:00: _OSC: platform does not support [LTR]
[    0.214520] acpi PNP0A08:00: _OSC: OS now controls [PME PCIeCapability]
[    0.215517] PCI host bridge to bus 0000:00
[    0.216478] pci_bus 0000:00: root bus resource [io  0x0000-0x0cf7 window]
[    0.217477] pci_bus 0000:00: root bus resource [io  0x0d00-0xffff window]
[    0.218440] pci_bus 0000:00: root bus resource [mem 0x000a0000-0x000bffff window]
[    0.218477] pci_bus 0000:00: root bus resource [mem 0x80000000-0xafffffff window]
[    0.219477] pci_bus 0000:00: root bus resource [mem 0xc0000000-0xfebfffff window]
[    0.220477] pci_bus 0000:00: root bus resource [mem 0x280000000-0xa7fffffff window]
[    0.221478] pci_bus 0000:00: root bus resource [bus 00-ff]
[    0.222544] pci 0000:00:00.0: [8086:29c0] type 00 class 0x060000
[    0.224051] pci 0000:00:01.0: [1234:1111] type 00 class 0x030000
[    0.224692] pci 0000:00:01.0: reg 0x10: [mem 0xfd000000-0xfdffffff pref]
[    0.227099] pci 0000:00:01.0: reg 0x18: [mem 0xfebf0000-0xfebf0fff]
[    0.228994] pci 0000:00:01.0: reg 0x30: [mem 0xfebe0000-0xfebeffff pref]
[    0.229539] pci 0000:00:01.0: Video device with shadowed ROM at [mem 0x000c0000-0x000dffff]
[    0.230662] pci 0000:00:02.0: [8086:100e] type 00 class 0x020000
[    0.231864] pci 0000:00:02.0: reg 0x10: [mem 0xfebc0000-0xfebdffff]
[    0.232794] pci 0000:00:02.0: reg 0x14: [io  0xc000-0xc03f]
[    0.235945] pci 0000:00:02.0: reg 0x30: [mem 0xfeb80000-0xfebbffff pref]
[    0.236688] pci 0000:00:03.0: [8086:24cd] type 00 class 0x0c0320
[    0.237748] pci 0000:00:03.0: reg 0x10: [mem 0xfebf1000-0xfebf1fff]
[    0.239475] pci 0000:00:1d.0: [8086:2934] type 00 class 0x0c0300
[    0.242390] pci 0000:00:1d.0: reg 0x20: [io  0xc080-0xc09f]
[    0.243624] pci 0000:00:1d.1: [8086:2935] type 00 class 0x0c0300
[    0.245157] pci 0000:00:1d.1: reg 0x20: [io  0xc0a0-0xc0bf]
[    0.246070] pci 0000:00:1d.2: [8086:2936] type 00 class 0x0c0300
[    0.247960] pci 0000:00:1d.2: reg 0x20: [io  0xc0c0-0xc0df]
[    0.249134] pci 0000:00:1d.7: [8086:293a] type 00 class 0x0c0320
[    0.249753] pci 0000:00:1d.7: reg 0x10: [mem 0xfebf2000-0xfebf2fff]
[    0.252614] pci 0000:00:1f.0: [8086:2918] type 00 class 0x060100
[    0.253981] pci 0000:00:1f.0: quirk: [io  0x0600-0x067f] claimed by ICH6 ACPI/GPIO/TCO
[    0.254797] pci 0000:00:1f.2: [8086:2922] type 00 class 0x010601
[    0.257263] pci 0000:00:1f.2: reg 0x20: [io  0xc0e0-0xc0ff]
[    0.257797] pci 0000:00:1f.2: reg 0x24: [mem 0xfebf3000-0xfebf3fff]
[    0.259722] pci 0000:00:1f.3: [8086:2930] type 00 class 0x0c0500
[    0.261475] pci 0000:00:1f.3: reg 0x20: [io  0x0700-0x073f]
[    0.262772] ACPI: PCI: Interrupt link LNKA configured for IRQ 10
[    0.263567] ACPI: PCI: Interrupt link LNKB configured for IRQ 10
[    0.264475] ACPI: PCI: Interrupt link LNKC configured for IRQ 11
[    0.264565] ACPI: PCI: Interrupt link LNKD configured for IRQ 11
[    0.265565] ACPI: PCI: Interrupt link LNKE configured for IRQ 10
[    0.266564] ACPI: PCI: Interrupt link LNKF configured for IRQ 10
[    0.267564] ACPI: PCI: Interrupt link LNKG configured for IRQ 11
[    0.268566] ACPI: PCI: Interrupt link LNKH configured for IRQ 11
[    0.269517] ACPI: PCI: Interrupt link GSIA configured for IRQ 16
[    0.270405] ACPI: PCI: Interrupt link GSIB configured for IRQ 17
[    0.270487] ACPI: PCI: Interrupt link GSIC configured for IRQ 18
[    0.271486] ACPI: PCI: Interrupt link GSID configured for IRQ 19
[    0.272487] ACPI: PCI: Interrupt link GSIE configured for IRQ 20
[    0.273394] ACPI: PCI: Interrupt link GSIF configured for IRQ 21
[    0.273487] ACPI: PCI: Interrupt link GSIG configured for IRQ 22
[    0.274487] ACPI: PCI: Interrupt link GSIH configured for IRQ 23
[    0.275793] iommu: Default domain type: Translated 
[    0.276477] iommu: DMA domain TLB invalidation policy: lazy mode 
[    0.276494] SCSI subsystem initialized
[    0.277528] libata version 3.00 loaded.
[    0.277544] ACPI: bus type USB registered
[    0.278486] usbcore: registered new interface driver usbfs
[    0.279484] usbcore: registered new interface driver hub
[    0.280293] usbcore: registered new device driver usb
[    0.280489] pps_core: LinuxPPS API ver. 1 registered
[    0.281477] pps_core: Software ver. 5.3.6 - Copyright 2005-2007 Rodolfo Giometti <giometti@linux.it>
[    0.282481] PTP clock support registered
[    0.283540] Advanced Linux Sound Architecture Driver Initialized.
[    0.284569] NetLabel: Initializing
[    0.285172] NetLabel:  domain hash size = 128
[    0.285477] NetLabel:  protocols = UNLABELED CIPSOv4 CALIPSO
[    0.286325] NetLabel:  unlabeled traffic allowed by default
[    0.286528] PCI: Using ACPI for IRQ routing
[    0.366618] PCI: pci_cache_line_size set to 64 bytes
[    0.366872] e820: reserve RAM buffer [mem 0x0009fc00-0x0009ffff]
[    0.366874] e820: reserve RAM buffer [mem 0x7ffde000-0x7fffffff]
[    0.366928] pci 0000:00:01.0: vgaarb: setting as boot VGA device
[    0.367475] pci 0000:00:01.0: vgaarb: bridge control possible
[    0.367475] pci 0000:00:01.0: vgaarb: VGA device added: decodes=io+mem,owns=io+mem,locks=none
[    0.369479] vgaarb: loaded
[    0.370049] hpet0: at MMIO 0xfed00000, IRQs 2, 8, 0
[    0.370477] hpet0: 3 comparators, 64-bit 100.000000 MHz counter
[    0.376511] clocksource: Switched to clocksource tsc-early
[    0.377439] VFS: Disk quotas dquot_6.6.0
[    0.378227] VFS: Dquot-cache hash table entries: 512 (order 0, 4096 bytes)
[    0.379358] pnp: PnP ACPI init
[    0.380048] system 00:05: [mem 0xb0000000-0xbfffffff window] has been reserved
[    0.381507] pnp: PnP ACPI: found 6 devices
[    0.397434] clocksource: acpi_pm: mask: 0xffffff max_cycles: 0xffffff, max_idle_ns: 2085701024 ns
[    0.399093] NET: Registered PF_INET protocol family
[    0.399923] IP idents hash table entries: 131072 (order: 8, 1048576 bytes, linear)
[    0.402250] tcp_listen_portaddr_hash hash table entries: 4096 (order: 4, 65536 bytes, linear)
[    0.403568] Table-perturb hash table entries: 65536 (order: 6, 262144 bytes, linear)
[    0.404837] TCP established hash table entries: 65536 (order: 7, 524288 bytes, linear)
[    0.406337] TCP bind hash table entries: 65536 (order: 9, 2097152 bytes, linear)
[    0.407601] TCP: Hash tables configured (established 65536 bind 65536)
[    0.408506] UDP hash table entries: 4096 (order: 5, 131072 bytes, linear)
[    0.409588] UDP-Lite hash table entries: 4096 (order: 5, 131072 bytes, linear)
[    0.410775] NET: Registered PF_UNIX/PF_LOCAL protocol family
[    0.412153] RPC: Registered named UNIX socket transport module.
[    0.413125] RPC: Registered udp transport module.
[    0.413987] RPC: Registered tcp transport module.
[    0.414712] RPC: Registered tcp NFSv4.1 backchannel transport module.
[    0.416143] pci_bus 0000:00: resource 4 [io  0x0000-0x0cf7 window]
[    0.417146] pci_bus 0000:00: resource 5 [io  0x0d00-0xffff window]
[    0.418137] pci_bus 0000:00: resource 6 [mem 0x000a0000-0x000bffff window]
[    0.419217] pci_bus 0000:00: resource 7 [mem 0x80000000-0xafffffff window]
[    0.420168] pci_bus 0000:00: resource 8 [mem 0xc0000000-0xfebfffff window]
[    0.421268] pci_bus 0000:00: resource 9 [mem 0x280000000-0xa7fffffff window]
[    0.422592] ACPI: \_SB_.GSIG: Enabled at IRQ 22
[    0.423920] ACPI: \_SB_.GSIA: Enabled at IRQ 16
[    0.425210] ACPI: \_SB_.GSIB: Enabled at IRQ 17
[    0.426644] ACPI: \_SB_.GSIC: Enabled at IRQ 18
[    0.427950] ACPI: \_SB_.GSID: Enabled at IRQ 19
[    0.429097] PCI: CLS 0 bytes, default 64
[    0.429780] PCI-DMA: Using software bounce buffering for IO (SWIOTLB)
[    0.430845] software IO TLB: mapped [mem 0x000000007bfde000-0x000000007ffde000] (64MB)
[    0.432748] RAPL PMU: API unit is 2^-32 Joules, 0 fixed counters, 10737418240 ms ovfl timer
[    0.441038] Initialise system trusted keyrings
[    0.442083] workingset: timestamp_bits=56 max_order=21 bucket_order=0
[    0.443444] NFS: Registering the id_resolver key type
[    0.444319] Key type id_resolver registered
[    0.444988] Key type id_legacy registered
[    0.445868] 9p: Installing v9fs 9p2000 file system support
[    0.454650] Key type asymmetric registered
[    0.455436] Asymmetric key parser 'x509' registered
[    0.456190] Block layer SCSI generic (bsg) driver version 0.4 loaded (major 251)
[    0.457360] io scheduler mq-deadline registered
[    0.458237] io scheduler kyber registered
[    0.459591] input: Power Button as /devices/LNXSYSTM:00/LNXPWRBN:00/input/input0
[    0.460905] ACPI: button: Power Button [PWRF]
[    0.462301] Serial: 8250/16550 driver, 4 ports, IRQ sharing enabled
[    0.463461] 00:03: ttyS0 at I/O 0x3f8 (irq = 4, base_baud = 115200) is a 16550A
[    0.465621] Non-volatile memory driver v1.3
[    0.466427] Linux agpgart interface v0.103
[    0.467147] ACPI: bus type drm_connector registered
[    0.470780] loop: module loaded
[    0.471387] ahci 0000:00:1f.2: version 3.0
[    0.472697] ahci 0000:00:1f.2: AHCI 0001.0000 32 slots 6 ports 1.5 Gbps 0x3f impl SATA mode
[    0.473994] ahci 0000:00:1f.2: flags: 64bit ncq only 
[    0.476453] scsi host0: ahci
[    0.477539] scsi host1: ahci
[    0.478620] scsi host2: ahci
[    0.479698] scsi host3: ahci
[    0.480913] scsi host4: ahci
[    0.481982] scsi host5: ahci
[    0.482618] ata1: SATA max UDMA/133 abar m4096@0xfebf3000 port 0xfebf3100 irq 24
[    0.483832] ata2: SATA max UDMA/133 abar m4096@0xfebf3000 port 0xfebf3180 irq 24
[    0.485045] ata3: SATA max UDMA/133 abar m4096@0xfebf3000 port 0xfebf3200 irq 24
[    0.486260] ata4: SATA max UDMA/133 abar m4096@0xfebf3000 port 0xfebf3280 irq 24
[    0.487453] ata5: SATA max UDMA/133 abar m4096@0xfebf3000 port 0xfebf3300 irq 24
[    0.488663] ata6: SATA max UDMA/133 abar m4096@0xfebf3000 port 0xfebf3380 irq 24
[    0.490008] e100: Intel(R) PRO/100 Network Driver
[    0.492176] e100: Copyright(c) 1999-2006 Intel Corporation
[    0.493339] e1000: Intel(R) PRO/1000 Network Driver
[    0.494327] e1000: Copyright (c) 1999-2006 Intel Corporation.
[    0.874970] ata1: SATA link up 1.5 Gbps (SStatus 113 SControl 300)
[    0.876261] ata1.00: ATA-7: QEMU HARDDISK, 2.5+, max UDMA/100
[    0.877125] ata1.00: 83886080 sectors, multi 16: LBA48 NCQ (depth 32)
[    0.878231] ata1.00: applying bridge limits
[    0.879509] ata1.00: configured for UDMA/100
[    0.880659] scsi 0:0:0:0: Direct-Access     ATA      QEMU HARDDISK    2.5+ PQ: 0 ANSI: 5
[    0.883628] scsi 0:0:0:0: Attached scsi generic sg0 type 0
[    0.883769] sd 0:0:0:0: [sda] 83886080 512-byte logical blocks: (42.9 GB/40.0 GiB)
[    0.886178] ata5: SATA link down (SStatus 0 SControl 300)
[    0.886277] sd 0:0:0:0: [sda] Write Protect is off
[    0.888096] ata3: SATA link up 1.5 Gbps (SStatus 113 SControl 300)
[    0.888408] sd 0:0:0:0: [sda] Mode Sense: 00 3a 00 00
[    0.888421] sd 0:0:0:0: [sda] Write cache: enabled, read cache: enabled, doesn't support DPO or FUA
[    0.889670] ata3.00: ATAPI: QEMU DVD-ROM, 2.5+, max UDMA/100
[    0.891013] sd 0:0:0:0: [sda] Preferred minimum I/O size 512 bytes
[    0.891858] ata3.00: applying bridge limits
[    0.894345]  sda: sda1 sda2 sda3
[    0.895146] ata4: SATA link down (SStatus 0 SControl 300)
[    0.895254] sd 0:0:0:0: [sda] Attached SCSI disk
[    0.897568] ata2: SATA link down (SStatus 0 SControl 300)
[    0.900596] ata6: SATA link down (SStatus 0 SControl 300)
[    0.902274] ata3.00: configured for UDMA/100
[    0.911001] scsi 2:0:0:0: CD-ROM            QEMU     QEMU DVD-ROM     2.5+ PQ: 0 ANSI: 5
[    0.914362] sr 2:0:0:0: [sr0] scsi3-mmc drive: 4x/4x cd/rw xa/form2 tray
[    0.915745] cdrom: Uniform CD-ROM driver Revision: 3.20
[    0.917552] sr 2:0:0:0: [sr0] Hmm, seems the drive doesn't support multisession CD's
[    0.919401] e1000 0000:00:02.0 eth0: (PCI:33MHz:32-bit) 52:54:00:12:34:56
[    0.921834] e1000 0000:00:02.0 eth0: Intel(R) PRO/1000 Network Connection
[    0.922691] sr 2:0:0:0: Attached scsi CD-ROM sr0
[    0.923413] e1000e: Intel(R) PRO/1000 Network Driver
[    0.923674] sr 2:0:0:0: Attached scsi generic sg1 type 5
[    0.924401] e1000e: Copyright(c) 1999 - 2015 Intel Corporation.
[    0.926615] sky2: driver version 1.30
[    0.928485] ehci-pci 0000:00:03.0: EHCI Host Controller
[    0.929759] ehci-pci 0000:00:03.0: new USB bus registered, assigned bus number 1
[    0.931275] ehci-pci 0000:00:03.0: irq 22, io mem 0xfebf1000
[    0.941642] ehci-pci 0000:00:03.0: USB 2.0 started, EHCI 1.00
[    0.943634] usb usb1: New USB device found, idVendor=1d6b, idProduct=0002, bcdDevice= 6.02
[    0.945573] usb usb1: New USB device strings: Mfr=3, Product=2, SerialNumber=1
[    0.946898] usb usb1: Product: EHCI Host Controller
[    0.947733] usb usb1: Manufacturer: Linux 6.2.0-rc5-next-20230123-mypark ehci_hcd
[    0.948946] usb usb1: SerialNumber: 0000:00:03.0
[    0.949922] hub 1-0:1.0: USB hub found
[    0.950680] hub 1-0:1.0: 6 ports detected
[    0.951654] uhci_hcd 0000:00:1d.0: UHCI Host Controller
[    0.952677] uhci_hcd 0000:00:1d.0: new USB bus registered, assigned bus number 2
[    0.954041] uhci_hcd 0000:00:1d.0: irq 16, io port 0x0000c080
[    0.954887] usb usb2: New USB device found, idVendor=1d6b, idProduct=0001, bcdDevice= 6.02
[    0.956250] usb usb2: New USB device strings: Mfr=3, Product=2, SerialNumber=1
[    0.957422] usb usb2: Product: UHCI Host Controller
[    0.958303] usb usb2: Manufacturer: Linux 6.2.0-rc5-next-20230123-mypark uhci_hcd
[    0.959511] usb usb2: SerialNumber: 0000:00:1d.0
[    0.960520] hub 2-0:1.0: USB hub found
[    0.961160] hub 2-0:1.0: 2 ports detected
[    0.962174] ehci-pci 0000:00:1d.7: EHCI Host Controller
[    0.963303] ehci-pci 0000:00:1d.7: new USB bus registered, assigned bus number 3
[    0.964805] ehci-pci 0000:00:1d.7: irq 19, io mem 0xfebf2000
[    0.975354] ehci-pci 0000:00:1d.7: USB 2.0 started, EHCI 1.00
[    0.977286] usb usb3: New USB device found, idVendor=1d6b, idProduct=0002, bcdDevice= 6.02
[    0.979093] usb usb3: New USB device strings: Mfr=3, Product=2, SerialNumber=1
[    0.980616] usb usb3: Product: EHCI Host Controller
[    0.981433] usb usb3: Manufacturer: Linux 6.2.0-rc5-next-20230123-mypark ehci_hcd
[    0.982630] usb usb3: SerialNumber: 0000:00:1d.7
[    0.983979] hub 3-0:1.0: USB hub found
[    0.984627] hub 3-0:1.0: 6 ports detected
[    1.014848] hub 2-0:1.0: USB hub found
[    1.017008] hub 2-0:1.0: 2 ports detected
[    1.018258] uhci_hcd 0000:00:1d.1: UHCI Host Controller
[    1.019513] uhci_hcd 0000:00:1d.1: new USB bus registered, assigned bus number 4
[    1.021040] uhci_hcd 0000:00:1d.1: irq 17, io port 0x0000c0a0
[    1.022096] usb usb4: New USB device found, idVendor=1d6b, idProduct=0001, bcdDevice= 6.02
[    1.023379] usb usb4: New USB device strings: Mfr=3, Product=2, SerialNumber=1
[    1.024559] usb usb4: Product: UHCI Host Controller
[    1.025321] usb usb4: Manufacturer: Linux 6.2.0-rc5-next-20230123-mypark uhci_hcd
[    1.026497] usb usb4: SerialNumber: 0000:00:1d.1
[    1.027500] hub 4-0:1.0: USB hub found
[    1.028144] hub 4-0:1.0: 2 ports detected
[    1.029345] uhci_hcd 0000:00:1d.2: UHCI Host Controller
[    1.030388] uhci_hcd 0000:00:1d.2: new USB bus registered, assigned bus number 5
[    1.031784] uhci_hcd 0000:00:1d.2: irq 18, io port 0x0000c0c0
[    1.032902] usb usb5: New USB device found, idVendor=1d6b, idProduct=0001, bcdDevice= 6.02
[    1.034202] usb usb5: New USB device strings: Mfr=3, Product=2, SerialNumber=1
[    1.035397] usb usb5: Product: UHCI Host Controller
[    1.036239] usb usb5: Manufacturer: Linux 6.2.0-rc5-next-20230123-mypark uhci_hcd
[    1.037435] usb usb5: SerialNumber: 0000:00:1d.2
[    1.038417] hub 5-0:1.0: USB hub found
[    1.039063] hub 5-0:1.0: 2 ports detected
[    1.039955] usbcore: registered new interface driver usblp
[    1.040900] usbcore: registered new interface driver usb-storage
[    1.041813] i8042: PNP: PS/2 Controller [PNP0303:KBD,PNP0f13:MOU] at 0x60,0x64 irq 1,12
[    1.044171] serio: i8042 KBD port at 0x60,0x64 irq 1
[    1.045190] serio: i8042 AUX port at 0x60,0x64 irq 12
[    1.046355] rtc_cmos 00:04: RTC can wake from S4
[    1.048198] input: AT Translated Set 2 keyboard as /devices/platform/i8042/serio0/input/input1
[    1.049381] rtc_cmos 00:04: registered as rtc0
[    1.051145] rtc_cmos 00:04: alarms up to one day, y3k, 242 bytes nvram, hpet irqs
[    1.053072] fail to initialize ptp_kvm
[    1.053246] device-mapper: ioctl: 4.47.0-ioctl (2022-07-28) initialised: dm-devel@redhat.com
[    1.053451] i801_smbus 0000:00:1f.3: SMBus using PCI interrupt
[    1.054344] intel_pstate: CPU model not supported
[    1.054353] hid: raw HID events driver (C) Jiri Kosina
[    1.056227] i2c i2c-0: 1/1 memory slots populated (from DMI)
[    1.057187] usbcore: registered new interface driver usbhid
[    1.057878] i2c i2c-0: Memory type 0x07 not supported yet, not instantiating SPD
[    1.058752] usbhid: USB HID core driver
[    1.059524] Initializing XFRM netlink socket
[    1.067599] NET: Registered PF_INET6 protocol family
[    1.069261] Segment Routing with IPv6
[    1.070043] In-situ OAM (IOAM) with IPv6
[    1.070715] sit: IPv6, IPv4 and MPLS over IPv4 tunneling driver
[    1.071841] NET: Registered PF_PACKET protocol family
[    1.072836] 9pnet: Installing 9P2000 support
[    1.073742] Key type dns_resolver registered
[    1.075345] IPI shorthand broadcast: enabled
[    1.077605] sched_clock: Marking stable (1088857229, -11524753)->(1194110769, -116778293)
[    1.079509] registered taskstats version 1
[    1.080352] Loading compiled-in X.509 certificates
[    1.082134] PM:   Magic number: 7:886:420
[    1.083050] printk: console [netcon0] enabled
[    1.083748] netconsole: network logging started
[    1.085257] cfg80211: Loading compiled-in X.509 certificates for regulatory database
[    1.086731] kworker/u12:4 (89) used greatest stack depth: 14712 bytes left
[    1.087953] Loaded X.509 cert 'sforshee: 00b28ddf47aef9cea7'
[    1.089324] ALSA device list:
[    1.089883]   No soundcards found.
[    1.090641] platform regulatory.0: Direct firmware load for regulatory.db failed with error -2
[    1.091988] cfg80211: failed to load regulatory.db
[    1.431228] tsc: Refined TSC clocksource calibration: 3095.923 MHz
[    1.433380] clocksource: tsc: mask: 0xffffffffffffffff max_cycles: 0x2ca03c7638e, max_idle_ns: 440795287756 ns
[    1.436974] clocksource: Switched to clocksource tsc
[    1.601832] input: ImExPS/2 Generic Explorer Mouse as /devices/platform/i8042/serio1/input/input3
[    1.603941] md: Waiting for all devices to be available before autodetect
[    1.605071] md: If you don't use raid, use raid=noautodetect
[    1.606000] md: Autodetecting RAID arrays.
[    1.606721] md: autorun ...
[    1.607259] md: ... autorun DONE.
[    1.611993] EXT4-fs (sda3): mounted filesystem dc9f5960-0745-4ebb-9221-81bff4c4ad71 with ordered data mode. Quota mode: none.
[    1.613703] VFS: Mounted root (ext4 filesystem) readonly on device 8:3.
[    1.615389] devtmpfs: mounted
[    1.616554] Freeing unused kernel image (initmem) memory: 2504K
[    1.622274] Write protecting the kernel read-only data: 26624k
[    1.624494] Freeing unused kernel image (rodata/data gap) memory: 1880K
[    1.660586] x86/mm: Checked W+X mappings: passed, no W+X pages found.
[    1.661500] x86/mm: Checking user space page tables
[    1.696170] x86/mm: Checked W+X mappings: passed, no W+X pages found.
[    1.697143] Run /sbin/init as init process
[    1.697848]   with arguments:
[    1.697849]     /sbin/init
[    1.697849]   with environment:
[    1.697850]     HOME=/
[    1.697850]     TERM=linux
[    1.697851]     BOOT_IMAGE=/next-230123
[    1.734775] stty (97) used greatest stack depth: 13512 bytes left
[    1.740724] dmesg (98) used greatest stack depth: 13488 bytes left
[    1.757255] mount (104) used greatest stack depth: 13456 bytes left
[    1.818271] ip (149) used greatest stack depth: 12936 bytes left
[    1.853191] udevd[174]: starting version 3.2.11
[    1.868086] udevd[175]: starting eudev-3.2.11
[    1.905094] e1000 0000:00:02.0 mypark-enp0s3: renamed from eth0
[    2.512975] Adding 2097148k swap on /dev/sda2.  Priority:1 extents:1 across:2097148k 
[    2.529124] EXT4-fs (sda3): re-mounted dc9f5960-0745-4ebb-9221-81bff4c4ad71. Quota mode: none.
[    2.566399] EXT4-fs (sda3): re-mounted dc9f5960-0745-4ebb-9221-81bff4c4ad71. Quota mode: none.
[    2.584217] EXT4-fs (sda1): mounting ext2 file system using the ext4 subsystem
[    2.586574] EXT4-fs (sda1): warning: mounting unchecked fs, running e2fsck is recommended
[    2.588595] EXT4-fs (sda1): mounted filesystem d7a74b88-d0a9-44b9-9b9d-6ec2c69737bc without journal. Quota mode: none.
[    3.810684] e1000: mypark-enp0s3 NIC Link is Up 1000 Mbps Full Duplex, Flow Control: RX
[    3.812018] IPv6: ADDRCONF(NETDEV_CHANGE): mypark-enp0s3: link becomes ready
