[    0.000000] Linux version 6.2.0-rc3 mypark-00021-g7dd4b804e080 (root@mypark) (gcc (GCC) 12.2.0, GNU ld (GNU Binutils) 2.39) #1 SMP PREEMPT_DYNAMIC Wed Jan 11 17:13:00 KST 2023
[    0.000000] Command line: BOOT_IMAGE=/torvalds-mypark root=PARTUUID=8fd8fa37-03 ro
[    0.000000] x86/fpu: Supporting XSAVE feature 0x001: 'x87 floating point registers'
[    0.000000] x86/fpu: Supporting XSAVE feature 0x002: 'SSE registers'
[    0.000000] x86/fpu: Supporting XSAVE feature 0x004: 'AVX registers'
[    0.000000] x86/fpu: xstate_offset[2]:  576, xstate_sizes[2]:  256
[    0.000000] x86/fpu: Enabled xstate features 0x7, context size is 832 bytes, using 'standard' format.
[    0.000000] signal: max sigframe size: 1776
[    0.000000] BIOS-provided physical RAM map:
[    0.000000] BIOS-e820: [mem 0x0000000000000000-0x000000000009fbff] usable
[    0.000000] BIOS-e820: [mem 0x000000000009fc00-0x000000000009ffff] reserved
[    0.000000] BIOS-e820: [mem 0x00000000000f0000-0x00000000000fffff] reserved
[    0.000000] BIOS-e820: [mem 0x0000000000100000-0x00000000dffeffff] usable
[    0.000000] BIOS-e820: [mem 0x00000000dfff0000-0x00000000dfffffff] ACPI data
[    0.000000] BIOS-e820: [mem 0x00000000fec00000-0x00000000fec00fff] reserved
[    0.000000] BIOS-e820: [mem 0x00000000fee00000-0x00000000fee00fff] reserved
[    0.000000] BIOS-e820: [mem 0x00000000fffc0000-0x00000000ffffffff] reserved
[    0.000000] BIOS-e820: [mem 0x0000000100000000-0x000000021fffffff] usable
[    0.000000] NX (Execute Disable) protection: active
[    0.000000] SMBIOS 2.5 present.
[    0.000000] DMI: innotek GmbH VirtualBox/VirtualBox, BIOS VirtualBox 12/01/2006
[    0.000000] Hypervisor detected: KVM
[    0.000000] kvm-clock: Using msrs 4b564d01 and 4b564d00
[    0.000001] kvm-clock: using sched offset of 56037927033 cycles
[    0.000003] clocksource: kvm-clock: mask: 0xffffffffffffffff max_cycles: 0x1cd42e4dffb, max_idle_ns: 881590591483 ns
[    0.000005] tsc: Detected 3095.998 MHz processor
[    0.000877] e820: update [mem 0x00000000-0x00000fff] usable ==> reserved
[    0.000880] e820: remove [mem 0x000a0000-0x000fffff] usable
[    0.000883] last_pfn = 0x220000 max_arch_pfn = 0x400000000
[    0.000890] MTRRs disabled by BIOS
[    0.000893] x86/PAT: Configuration [0-7]: WB  WC  UC- UC  WB  WP  UC- WT  
[    0.000909] last_pfn = 0xdfff0 max_arch_pfn = 0x400000000
[    0.011791] ACPI: Early table checksum verification disabled
[    0.011796] ACPI: RSDP 0x00000000000E0000 000024 (v02 VBOX  )
[    0.011800] ACPI: XSDT 0x00000000DFFF0030 00003C (v01 VBOX   VBOXXSDT 00000001 ASL  00000061)
[    0.011805] ACPI: FACP 0x00000000DFFF00F0 0000F4 (v04 VBOX   VBOXFACP 00000001 ASL  00000061)
[    0.011809] ACPI: DSDT 0x00000000DFFF0490 0022EA (v02 VBOX   VBOXBIOS 00000002 INTL 20100528)
[    0.011812] ACPI: FACS 0x00000000DFFF0200 000040
[    0.011814] ACPI: FACS 0x00000000DFFF0200 000040
[    0.011816] ACPI: APIC 0x00000000DFFF0240 00007C (v02 VBOX   VBOXAPIC 00000001 ASL  00000061)
[    0.011818] ACPI: SSDT 0x00000000DFFF02C0 0001CC (v01 VBOX   VBOXCPUT 00000002 INTL 20100528)
[    0.011820] ACPI: Reserving FACP table memory at [mem 0xdfff00f0-0xdfff01e3]
[    0.011821] ACPI: Reserving DSDT table memory at [mem 0xdfff0490-0xdfff2779]
[    0.011822] ACPI: Reserving FACS table memory at [mem 0xdfff0200-0xdfff023f]
[    0.011823] ACPI: Reserving FACS table memory at [mem 0xdfff0200-0xdfff023f]
[    0.011823] ACPI: Reserving APIC table memory at [mem 0xdfff0240-0xdfff02bb]
[    0.011824] ACPI: Reserving SSDT table memory at [mem 0xdfff02c0-0xdfff048b]
[    0.011978] No NUMA configuration found
[    0.011979] Faking a node at [mem 0x0000000000000000-0x000000021fffffff]
[    0.011981] NODE_DATA(0) allocated [mem 0x21fff8000-0x21fffbfff]
[    0.011995] Zone ranges:
[    0.011995]   DMA      [mem 0x0000000000001000-0x0000000000ffffff]
[    0.011997]   DMA32    [mem 0x0000000001000000-0x00000000ffffffff]
[    0.011998]   Normal   [mem 0x0000000100000000-0x000000021fffffff]
[    0.011999] Movable zone start for each node
[    0.011999] Early memory node ranges
[    0.011999]   node   0: [mem 0x0000000000001000-0x000000000009efff]
[    0.012000]   node   0: [mem 0x0000000000100000-0x00000000dffeffff]
[    0.012001]   node   0: [mem 0x0000000100000000-0x000000021fffffff]
[    0.012003] Initmem setup node 0 [mem 0x0000000000001000-0x000000021fffffff]
[    0.012198] On node 0, zone DMA: 1 pages in unavailable ranges
[    0.012210] On node 0, zone DMA: 97 pages in unavailable ranges
[    0.030620] On node 0, zone Normal: 16 pages in unavailable ranges
[    0.030991] ACPI: PM-Timer IO Port: 0x4008
[    0.031033] IOAPIC[0]: apic_id 6, version 32, address 0xfec00000, GSI 0-23
[    0.031036] ACPI: INT_SRC_OVR (bus 0 bus_irq 0 global_irq 2 dfl dfl)
[    0.031038] ACPI: INT_SRC_OVR (bus 0 bus_irq 9 global_irq 9 low level)
[    0.031042] ACPI: Using ACPI (MADT) for SMP configuration information
[    0.031047] smpboot: Allowing 6 CPUs, 0 hotplug CPUs
[    0.031062] PM: hibernation: Registered nosave memory: [mem 0x00000000-0x00000fff]
[    0.031064] PM: hibernation: Registered nosave memory: [mem 0x0009f000-0x0009ffff]
[    0.031064] PM: hibernation: Registered nosave memory: [mem 0x000a0000-0x000effff]
[    0.031065] PM: hibernation: Registered nosave memory: [mem 0x000f0000-0x000fffff]
[    0.031066] PM: hibernation: Registered nosave memory: [mem 0xdfff0000-0xdfffffff]
[    0.031066] PM: hibernation: Registered nosave memory: [mem 0xe0000000-0xfebfffff]
[    0.031067] PM: hibernation: Registered nosave memory: [mem 0xfec00000-0xfec00fff]
[    0.031067] PM: hibernation: Registered nosave memory: [mem 0xfec01000-0xfedfffff]
[    0.031068] PM: hibernation: Registered nosave memory: [mem 0xfee00000-0xfee00fff]
[    0.031068] PM: hibernation: Registered nosave memory: [mem 0xfee01000-0xfffbffff]
[    0.031068] PM: hibernation: Registered nosave memory: [mem 0xfffc0000-0xffffffff]
[    0.031070] [mem 0xe0000000-0xfebfffff] available for PCI devices
[    0.031070] Booting paravirtualized kernel on KVM
[    0.031072] clocksource: refined-jiffies: mask: 0xffffffff max_cycles: 0xffffffff, max_idle_ns: 1910969940391419 ns
[    0.035655] setup_percpu: NR_CPUS:64 nr_cpumask_bits:6 nr_cpu_ids:6 nr_node_ids:1
[    0.035914] percpu: Embedded 54 pages/cpu s181160 r8192 d31832 u262144
[    0.035918] pcpu-alloc: s181160 r8192 d31832 u262144 alloc=1*2097152
[    0.035919] pcpu-alloc: [0] 0 1 2 3 4 5 - - 
[    0.035946] Fallback order for Node 0: 0 
[    0.035948] Built 1 zonelists, mobility grouping on.  Total pages: 2064112
[    0.035949] Policy zone: Normal
[    0.035949] Kernel command line: BOOT_IMAGE=/torvalds-mypark root=PARTUUID=8fd8fa37-03 ro
[    0.035966] Unknown kernel command line parameters "BOOT_IMAGE=/torvalds-mypark", will be passed to user space.
[    0.035997] random: crng init done
[    0.036899] Dentry cache hash table entries: 1048576 (order: 11, 8388608 bytes, linear)
[    0.037391] Inode-cache hash table entries: 524288 (order: 10, 4194304 bytes, linear)
[    0.037496] mem auto-init: stack:all(zero), heap alloc:off, heap free:off
[    0.037500] software IO TLB: area num 8.
[    0.060930] Memory: 8137184K/8388152K available (18432K kernel code, 2641K rwdata, 6292K rodata, 2484K init, 1880K bss, 250708K reserved, 0K cma-reserved)
[    0.060955] SLUB: HWalign=64, Order=0-3, MinObjects=0, CPUs=6, Nodes=1
[    0.060962] Kernel/User page tables isolation: enabled
[    0.061721] Dynamic Preempt: voluntary
[    0.061921] rcu: Preemptible hierarchical RCU implementation.
[    0.061922] rcu: 	RCU event tracing is enabled.
[    0.061922] rcu: 	RCU restricting CPUs from NR_CPUS=64 to nr_cpu_ids=6.
[    0.061923] 	Trampoline variant of Tasks RCU enabled.
[    0.061924] rcu: RCU calculated value of scheduler-enlistment delay is 100 jiffies.
[    0.061924] rcu: Adjusting geometry for rcu_fanout_leaf=16, nr_cpu_ids=6
[    0.062855] NR_IRQS: 4352, nr_irqs: 472, preallocated irqs: 16
[    0.063009] rcu: srcu_init: Setting srcu_struct sizes based on contention.
[    0.067346] Console: colour VGA+ 80x25
[    0.067349] printk: console [tty0] enabled
[    0.090377] ACPI: Core revision 20221020
[    0.090631] APIC: Switch to symmetric I/O mode setup
[    0.091682] ..TIMER: vector=0x30 apic1=0 pin1=2 apic2=-1 pin2=-1
[    0.091963] clocksource: tsc-early: mask: 0xffffffffffffffff max_cycles: 0x2ca082f6619, max_idle_ns: 440795220240 ns
[    0.092291] Calibrating delay loop (skipped) preset value.. 6191.99 BogoMIPS (lpj=3095998)
[    0.092599] pid_max: default: 32768 minimum: 301
[    0.092779] LSM: initializing lsm=capability,integrity,selinux
[    0.092973] SELinux:  Initializing.
[    0.093141] Mount-cache hash table entries: 16384 (order: 5, 131072 bytes, linear)
[    0.093288] Mountpoint-cache hash table entries: 16384 (order: 5, 131072 bytes, linear)
[    0.094374] unchecked MSR access error: WRMSR to 0x3a (tried to write 0x0000000000000001) at rIP: 0xffffffff8a645ff2 (init_ia32_feat_ctl+0x92/0x350)
[    0.094759] Call Trace:
[    0.094881]  <TASK>
[    0.094996]  init_intel+0xbd/0x4d0
[    0.095138]  identify_cpu+0x270/0x720
[    0.095286]  identify_boot_cpu+0x10/0xa9
[    0.095288]  check_bugs+0x27/0xf34
[    0.095288]  start_kernel+0x657/0x68f
[    0.095288]  secondary_startup_64_no_verify+0xe0/0xeb
[    0.095288]  </TASK>
[    0.095288] Last level iTLB entries: 4KB 128, 2MB 8, 4MB 8
[    0.095288] Last level dTLB entries: 4KB 64, 2MB 0, 4MB 0, 1GB 4
[    0.095288] Spectre V1 : Mitigation: usercopy/swapgs barriers and __user pointer sanitization
[    0.095288] Spectre V2 : Mitigation: Retpolines
[    0.095288] Spectre V2 : Spectre v2 / SpectreRSB mitigation: Filling RSB on context switch
[    0.095288] Spectre V2 : Spectre v2 / SpectreRSB : Filling RSB on VMEXIT
[    0.095288] RETBleed: WARNING: Spectre v2 mitigation leaves CPU vulnerable to RETBleed attacks, data leaks possible!
[    0.095288] RETBleed: Vulnerable
[    0.095288] Speculative Store Bypass: Vulnerable
[    0.095288] MDS: Mitigation: Clear CPU buffers
[    0.095288] MMIO Stale Data: Mitigation: Clear CPU buffers
[    0.095288] SRBDS: Unknown: Dependent on hypervisor status
[    0.105288] Freeing SMP alternatives memory: 44K
[    0.211363] APIC calibration not consistent with PM-Timer: 102ms instead of 100ms
[    0.211638] APIC delta adjusted to PM-Timer: 6291660 (6445017)
[    0.211898] smpboot: CPU0: Intel(R) Core(TM) i5-8600 CPU @ 3.10GHz (family: 0x6, model: 0x9e, stepping: 0xa)
[    0.212288] cblist_init_generic: Setting adjustable number of callback queues.
[    0.212288] cblist_init_generic: Setting shift to 3 and lim to 1.
[    0.212288] Performance Events: unsupported p6 CPU model 158 no PMU driver, software events only.
[    0.212317] rcu: Hierarchical SRCU implementation.
[    0.212971] rcu: 	Max phase no-delay instances is 400.
[    0.213314] smp: Bringing up secondary CPUs ...
[    0.213526] x86: Booting SMP configuration:
[    0.213684] .... node  #0, CPUs:      #1 #2 #3 #4 #5
[    0.222547] smp: Brought up 1 node, 6 CPUs
[    0.223292] smpboot: Max logical packages: 1
[    0.223451] smpboot: Total of 6 processors activated (37151.97 BogoMIPS)
[    0.226646] devtmpfs: initialized
[    0.227346] clocksource: jiffies: mask: 0xffffffff max_cycles: 0xffffffff, max_idle_ns: 1911260446275000 ns
[    0.227660] futex hash table entries: 2048 (order: 5, 131072 bytes, linear)
[    0.228134] PM: RTC time: 11:50:53, date: 2023-01-11
[    0.228502] NET: Registered PF_NETLINK/PF_ROUTE protocol family
[    0.228753] audit: initializing netlink subsys (disabled)
[    0.228969] audit: type=2000 audit(1673437910.407:1): state=initialized audit_enabled=0 res=1
[    0.228969] thermal_sys: Registered thermal governor 'step_wise'
[    0.229290] thermal_sys: Registered thermal governor 'user_space'
[    0.229515] cpuidle: using governor menu
[    0.229746] PCI: Using configuration type 1 for base access
[    0.230427] kprobes: kprobe jump-optimization is enabled. All kprobes are optimized if possible.
[    0.292358] HugeTLB: registered 2.00 MiB page size, pre-allocated 0 pages
[    0.292527] HugeTLB: 28 KiB vmemmap can be freed for a 2.00 MiB page
[    0.293325] ACPI: Added _OSI(Module Device)
[    0.293488] ACPI: Added _OSI(Processor Device)
[    0.293652] ACPI: Added _OSI(3.0 _SCP Extensions)
[    0.293847] ACPI: Added _OSI(Processor Aggregator Device)
[    0.293983] ACPI: 2 ACPI AML tables successfully acquired and loaded
[    0.303473] ACPI: Interpreter enabled
[    0.303556] ACPI: PM: (supports S0 S5)
[    0.303705] ACPI: Using IOAPIC for interrupt routing
[    0.304007] PCI: Using host bridge windows from ACPI; if necessary, use "pci=nocrs" and report a bug
[    0.304290] PCI: Using E820 reservations for host bridge windows
[    0.304562] ACPI: Enabled 2 GPEs in block 00 to 07
[    0.306859] ACPI: PCI Root Bridge [PCI0] (domain 0000 [bus 00-ff])
[    0.307082] acpi PNP0A03:00: _OSC: OS supports [ASPM ClockPM Segments MSI HPX-Type3]
[    0.308291] acpi PNP0A03:00: _OSC: not requesting OS control; OS requires [ExtendedConfig ASPM ClockPM MSI]
[    0.308807] acpi PNP0A03:00: fail to add MMCONFIG information, can't access extended configuration space under this bridge
[    0.308807] PCI host bridge to bus 0000:00
[    0.308807] pci_bus 0000:00: root bus resource [io  0x0000-0x0cf7 window]
[    0.308807] pci_bus 0000:00: root bus resource [io  0x0d00-0xffff window]
[    0.308942] pci_bus 0000:00: root bus resource [mem 0x000a0000-0x000bffff window]
[    0.309207] pci_bus 0000:00: root bus resource [mem 0xe0000000-0xfdffffff window]
[    0.310290] pci_bus 0000:00: root bus resource [bus 00-ff]
[    0.310571] pci 0000:00:00.0: [8086:1237] type 00 class 0x060000
[    0.310571] pci 0000:00:01.0: [8086:7000] type 00 class 0x060100
[    0.311152] pci 0000:00:01.1: [8086:7111] type 00 class 0x01018a
[    0.312703] pci 0000:00:01.1: reg 0x20: [io  0xd000-0xd00f]
[    0.312703] pci 0000:00:01.1: legacy IDE quirk: reg 0x10: [io  0x01f0-0x01f7]
[    0.312703] pci 0000:00:01.1: legacy IDE quirk: reg 0x14: [io  0x03f6]
[    0.312736] pci 0000:00:01.1: legacy IDE quirk: reg 0x18: [io  0x0170-0x0177]
[    0.312956] pci 0000:00:01.1: legacy IDE quirk: reg 0x1c: [io  0x0376]
[    0.313432] pci 0000:00:02.0: [15ad:0405] type 00 class 0x030000
[    0.319446] pci 0000:00:02.0: reg 0x10: [io  0xd010-0xd01f]
[    0.324310] pci 0000:00:02.0: reg 0x14: [mem 0xf0000000-0xf0ffffff]
[    0.332382] pci 0000:00:02.0: reg 0x18: [mem 0xf1000000-0xf11fffff]
[    0.347355] pci 0000:00:02.0: Video device with shadowed ROM at [mem 0x000c0000-0x000dffff]
[    0.347936] pci 0000:00:03.0: [8086:100e] type 00 class 0x020000
[    0.350360] pci 0000:00:03.0: reg 0x10: [mem 0xf1200000-0xf121ffff]
[    0.357348] pci 0000:00:03.0: reg 0x18: [io  0xd020-0xd027]
[    0.368692] pci 0000:00:04.0: [80ee:cafe] type 00 class 0x088000
[    0.371412] pci 0000:00:04.0: reg 0x10: [io  0xd040-0xd05f]
[    0.374345] pci 0000:00:04.0: reg 0x14: [mem 0xf1400000-0xf17fffff]
[    0.377397] pci 0000:00:04.0: reg 0x18: [mem 0xf1800000-0xf1803fff pref]
[    0.388438] pci 0000:00:05.0: [8086:2415] type 00 class 0x040100
[    0.389393] pci 0000:00:05.0: reg 0x10: [io  0xd100-0xd1ff]
[    0.389657] pci 0000:00:05.0: reg 0x14: [io  0xd200-0xd23f]
[    0.390471] pci 0000:00:06.0: [106b:003f] type 00 class 0x0c0310
[    0.393309] pci 0000:00:06.0: reg 0x10: [mem 0xf1804000-0xf1804fff]
[    0.411503] pci 0000:00:07.0: [8086:7113] type 00 class 0x068000
[    0.412101] pci 0000:00:07.0: quirk: [io  0x4000-0x403f] claimed by PIIX4 ACPI
[    0.413301] pci 0000:00:07.0: quirk: [io  0x4100-0x410f] claimed by PIIX4 SMB
[    0.413789] pci 0000:00:0d.0: [8086:2829] type 00 class 0x010601
[    0.416373] pci 0000:00:0d.0: reg 0x10: [io  0xd240-0xd247]
[    0.418372] pci 0000:00:0d.0: reg 0x14: [io  0xd248-0xd24b]
[    0.422307] pci 0000:00:0d.0: reg 0x18: [io  0xd250-0xd257]
[    0.428414] pci 0000:00:0d.0: reg 0x1c: [io  0xd258-0xd25b]
[    0.431310] pci 0000:00:0d.0: reg 0x20: [io  0xd260-0xd26f]
[    0.435307] pci 0000:00:0d.0: reg 0x24: [mem 0xf1806000-0xf1807fff]
[    0.441104] ACPI: PCI: Interrupt link LNKA configured for IRQ 11
[    0.441547] ACPI: PCI: Interrupt link LNKB configured for IRQ 10
[    0.441818] ACPI: PCI: Interrupt link LNKC configured for IRQ 9
[    0.442106] ACPI: PCI: Interrupt link LNKD configured for IRQ 11
[    0.443423] iommu: Default domain type: Translated 
[    0.443597] iommu: DMA domain TLB invalidation policy: lazy mode 
[    0.443870] SCSI subsystem initialized
[    0.444062] libata version 3.00 loaded.
[    0.444062] ACPI: bus type USB registered
[    0.444062] usbcore: registered new interface driver usbfs
[    0.444062] usbcore: registered new interface driver hub
[    0.444062] usbcore: registered new device driver usb
[    0.444100] pps_core: LinuxPPS API ver. 1 registered
[    0.445291] pps_core: Software ver. 5.3.6 - Copyright 2005-2007 Rodolfo Giometti <giometti@linux.it>
[    0.445594] PTP clock support registered
[    0.445794] Advanced Linux Sound Architecture Driver Initialized.
[    0.446304] NetLabel: Initializing
[    0.446450] NetLabel:  domain hash size = 128
[    0.446610] NetLabel:  protocols = UNLABELED CIPSOv4 CALIPSO
[    0.446815] NetLabel:  unlabeled traffic allowed by default
[    0.447053] PCI: Using ACPI for IRQ routing
[    0.447212] PCI: pci_cache_line_size set to 64 bytes
[    0.447212] e820: reserve RAM buffer [mem 0x0009fc00-0x0009ffff]
[    0.447212] e820: reserve RAM buffer [mem 0xdfff0000-0xdfffffff]
[    0.447212] pci 0000:00:02.0: vgaarb: setting as boot VGA device
[    0.447212] pci 0000:00:02.0: vgaarb: bridge control possible
[    0.447212] pci 0000:00:02.0: vgaarb: VGA device added: decodes=io+mem,owns=io+mem,locks=none
[    0.447212] vgaarb: loaded
[    0.455396] clocksource: Switched to clocksource kvm-clock
[    0.458741] VFS: Disk quotas dquot_6.6.0
[    0.458970] VFS: Dquot-cache hash table entries: 512 (order 0, 4096 bytes)
[    0.459316] pnp: PnP ACPI init
[    0.460278] pnp: PnP ACPI: found 2 devices
[    0.465693] clocksource: acpi_pm: mask: 0xffffff max_cycles: 0xffffff, max_idle_ns: 2085701024 ns
[    0.466017] NET: Registered PF_INET protocol family
[    0.466251] IP idents hash table entries: 131072 (order: 8, 1048576 bytes, linear)
[    0.466292] tcp_listen_portaddr_hash hash table entries: 4096 (order: 4, 65536 bytes, linear)
[    0.466292] Table-perturb hash table entries: 65536 (order: 6, 262144 bytes, linear)
[    0.466292] TCP established hash table entries: 65536 (order: 7, 524288 bytes, linear)
[    0.466292] TCP bind hash table entries: 65536 (order: 9, 2097152 bytes, linear)
[    0.469209] TCP: Hash tables configured (established 65536 bind 65536)
[    0.469510] UDP hash table entries: 4096 (order: 5, 131072 bytes, linear)
[    0.470181] UDP-Lite hash table entries: 4096 (order: 5, 131072 bytes, linear)
[    0.470434] NET: Registered PF_UNIX/PF_LOCAL protocol family
[    0.470942] RPC: Registered named UNIX socket transport module.
[    0.471143] RPC: Registered udp transport module.
[    0.471310] RPC: Registered tcp transport module.
[    0.471476] RPC: Registered tcp NFSv4.1 backchannel transport module.
[    0.471997] pci_bus 0000:00: resource 4 [io  0x0000-0x0cf7 window]
[    0.472203] pci_bus 0000:00: resource 5 [io  0x0d00-0xffff window]
[    0.472400] pci_bus 0000:00: resource 6 [mem 0x000a0000-0x000bffff window]
[    0.472611] pci_bus 0000:00: resource 7 [mem 0xe0000000-0xfdffffff window]
[    0.472850] pci 0000:00:00.0: Limiting direct PCI/PCI transfers
[    0.473935] PCI: CLS 0 bytes, default 64
[    0.474104] PCI-DMA: Using software bounce buffering for IO (SWIOTLB)
[    0.474313] software IO TLB: mapped [mem 0x00000000dbff0000-0x00000000dfff0000] (64MB)
[    0.475072] RAPL PMU: API unit is 2^-32 Joules, 0 fixed counters, 10737418240 ms ovfl timer
[    0.475376] clocksource: tsc: mask: 0xffffffffffffffff max_cycles: 0x2ca082f6619, max_idle_ns: 440795220240 ns
[    0.493581] clocksource: Switched to clocksource tsc
[    0.493794] platform rtc_cmos: registered platform RTC device (no PNP device found)
[    0.496902] Initialise system trusted keyrings
[    0.497174] workingset: timestamp_bits=56 max_order=21 bucket_order=0
[    0.497561] NFS: Registering the id_resolver key type
[    0.497742] Key type id_resolver registered
[    0.497899] Key type id_legacy registered
[    0.498075] 9p: Installing v9fs 9p2000 file system support
[    0.504802] Key type asymmetric registered
[    0.504970] Asymmetric key parser 'x509' registered
[    0.505158] Block layer SCSI generic (bsg) driver version 0.4 loaded (major 251)
[    0.505214] io scheduler mq-deadline registered
[    0.505214] io scheduler kyber registered
[    0.506365] ACPI: AC: AC Adapter [AC] (on-line)
[    0.506569] input: Power Button as /devices/LNXSYSTM:00/LNXPWRBN:00/input/input0
[    0.506920] ACPI: button: Power Button [PWRF]
[    0.507137] input: Sleep Button as /devices/LNXSYSTM:00/LNXSLPBN:00/input/input1
[    0.507412] ACPI: button: Sleep Button [SLPF]
[    0.507701] ACPI: video: Video Device [GFX0] (multi-head: yes  rom: no  post: no)
[    0.507989] input: Video Bus as /devices/LNXSYSTM:00/LNXSYBUS:00/PNP0A03:00/LNXVIDEO:00/input/input2
[    0.509055] Serial: 8250/16550 driver, 4 ports, IRQ sharing enabled
[    0.509493] Non-volatile memory driver v1.3
[    0.509656] Linux agpgart interface v0.103
[    0.509864] ACPI: bus type drm_connector registered
[    0.511699] loop: module loaded
[    0.511882] ahci 0000:00:0d.0: version 3.0
[    0.512272] ahci 0000:00:0d.0: SSS flag set, parallel bus scan disabled
[    0.512637] ahci 0000:00:0d.0: AHCI 0001.0100 32 slots 2 ports 3 Gbps 0x3 impl SATA mode
[    0.512914] ahci 0000:00:0d.0: flags: 64bit ncq stag only ccc 
[    0.513557] scsi host0: ahci
[    0.514344] scsi host1: ahci
[    0.514716] ata1: SATA max UDMA/133 abar m8192@0xf1806000 port 0xf1806100 irq 21
[    0.514981] ata2: SATA max UDMA/133 abar m8192@0xf1806000 port 0xf1806180 irq 21
[    0.515268] ata_piix 0000:00:01.1: version 2.13
[    0.515886] scsi host2: ata_piix
[    0.516329] scsi host3: ata_piix
[    0.516494] ata3: PATA max UDMA/33 cmd 0x1f0 ctl 0x3f6 bmdma 0xd000 irq 14
[    0.516735] ata4: PATA max UDMA/33 cmd 0x170 ctl 0x376 bmdma 0xd008 irq 15
[    0.517209] e100: Intel(R) PRO/100 Network Driver
[    0.517538] e100: Copyright(c) 1999-2006 Intel Corporation
[    0.518057] e1000: Intel(R) PRO/1000 Network Driver
[    0.518234] e1000: Copyright (c) 1999-2006 Intel Corporation.
[    0.675461] ata4.00: ATAPI: VBOX CD-ROM, 1.0, max UDMA/133
[    0.823569] ata1: SATA link up 3.0 Gbps (SStatus 123 SControl 300)
[    0.823953] ata1.00: ATA-6: VBOX HARDDISK, 1.0, max UDMA/133
[    0.824167] ata1.00: 83886080 sectors, multi 128: LBA48 NCQ (depth 32)
[    0.824665] ata1.00: configured for UDMA/133
[    0.824952] scsi 0:0:0:0: Direct-Access     ATA      VBOX HARDDISK    1.0  PQ: 0 ANSI: 5
[    0.825935] sd 0:0:0:0: Attached scsi generic sg0 type 0
[    0.825975] sd 0:0:0:0: [sda] 83886080 512-byte logical blocks: (42.9 GB/40.0 GiB)
[    0.826630] sd 0:0:0:0: [sda] Write Protect is off
[    0.826818] sd 0:0:0:0: [sda] Mode Sense: 00 3a 00 00
[    0.826826] sd 0:0:0:0: [sda] Write cache: enabled, read cache: enabled, doesn't support DPO or FUA
[    0.827159] sd 0:0:0:0: [sda] Preferred minimum I/O size 512 bytes
[    0.828089]  sda: sda1 sda2 sda3
[    0.828533] sd 0:0:0:0: [sda] Attached SCSI disk
[    0.881336] e1000 0000:00:03.0 eth0: (PCI:33MHz:32-bit) 08:00:27:f6:af:59
[    0.881355] e1000 0000:00:03.0 eth0: Intel(R) PRO/1000 Network Connection
[    0.881355] e1000e: Intel(R) PRO/1000 Network Driver
[    0.881355] e1000e: Copyright(c) 1999 - 2015 Intel Corporation.
[    0.881355] sky2: driver version 1.30
[    0.882910] ohci-pci 0000:00:06.0: OHCI PCI host controller
[    0.883242] ohci-pci 0000:00:06.0: new USB bus registered, assigned bus number 1
[    0.883548] ohci-pci 0000:00:06.0: irq 22, io mem 0xf1804000
[    0.936311] usb usb1: New USB device found, idVendor=1d6b, idProduct=0001, bcdDevice= 6.02
[    0.936601] usb usb1: New USB device strings: Mfr=3, Product=2, SerialNumber=1
[    0.936857] usb usb1: Product: OHCI PCI host controller
[    0.937036] usb usb1: Manufacturer: Linux 6.2.0-rc3 mypark-00021-g7dd4b804e080 ohci_hcd
[    0.937038] usb usb1: SerialNumber: 0000:00:06.0
[    0.937723] hub 1-0:1.0: USB hub found
[    0.937886] hub 1-0:1.0: 12 ports detected
[    0.938485] usbcore: registered new interface driver usblp
[    0.938676] usbcore: registered new interface driver usb-storage
[    0.938895] i8042: PNP: PS/2 Controller [PNP0303:PS2K,PNP0f03:PS2M] at 0x60,0x64 irq 1,12
[    0.939628] serio: i8042 KBD port at 0x60,0x64 irq 1
[    0.939808] serio: i8042 AUX port at 0x60,0x64 irq 12
[    0.940583] input: AT Translated Set 2 keyboard as /devices/platform/i8042/serio0/input/input3
[    0.941380] rtc_cmos rtc_cmos: registered as rtc0
[    0.941656] rtc_cmos rtc_cmos: alarms up to one day, 114 bytes nvram
[    0.941887] fail to initialize ptp_kvm
[    0.942043] device-mapper: ioctl: 4.47.0-ioctl (2022-07-28) initialised: dm-devel@redhat.com
[    0.944110] intel_pstate: CPU model not supported
[    0.944313] hid: raw HID events driver (C) Jiri Kosina
[    0.944657] usbcore: registered new interface driver usbhid
[    0.944859] usbhid: USB HID core driver
[    0.947223] Initializing XFRM netlink socket
[    0.947469] NET: Registered PF_INET6 protocol family
[    0.948173] Segment Routing with IPv6
[    0.948363] In-situ OAM (IOAM) with IPv6
[    0.948578] sit: IPv6, IPv4 and MPLS over IPv4 tunneling driver
[    0.949050] NET: Registered PF_PACKET protocol family
[    0.949370] 9pnet: Installing 9P2000 support
[    0.949576] Key type dns_resolver registered
[    0.950338] IPI shorthand broadcast: enabled
[    0.952140] sched_clock: Marking stable (923314453, 28150951)->(981633118, -30167714)
[    0.952778] registered taskstats version 1
[    0.952938] Loading compiled-in X.509 certificates
[    0.954127] PM:   Magic number: 7:747:832
[    0.954322] printk: console [netcon0] enabled
[    0.954485] netconsole: network logging started
[    0.954897] cfg80211: Loading compiled-in X.509 certificates for regulatory database
[    0.955340] kworker/u12:4 (79) used greatest stack depth: 14184 bytes left
[    0.956000] cfg80211: Loaded X.509 cert 'sforshee: 00b28ddf47aef9cea7'
[    0.956222] platform regulatory.0: Direct firmware load for regulatory.db failed with error -2
[    0.956540] cfg80211: failed to load regulatory.db
[    0.956721] ALSA device list:
[    0.956856]   No soundcards found.
[    1.140130] ata2: SATA link down (SStatus 0 SControl 300)
[    1.140730] scsi 3:0:0:0: CD-ROM            VBOX     CD-ROM           1.0  PQ: 0 ANSI: 5
[    1.159711] input: ImExPS/2 Generic Explorer Mouse as /devices/platform/i8042/serio1/input/input5
[    1.170393] sr 3:0:0:0: [sr0] scsi3-mmc drive: 32x/32x xa/form2 tray
[    1.170604] cdrom: Uniform CD-ROM driver Revision: 3.20
[    1.197139] sr 3:0:0:0: Attached scsi CD-ROM sr0
[    1.197403] sr 3:0:0:0: Attached scsi generic sg1 type 5
[    1.197843] md: Waiting for all devices to be available before autodetect
[    1.198058] md: If you don't use raid, use raid=noautodetect
[    1.198245] md: Autodetecting RAID arrays.
[    1.198400] md: autorun ...
[    1.198528] md: ... autorun DONE.
[    1.213573] EXT4-fs (sda3): mounted filesystem dc9f5960-0745-4ebb-9221-81bff4c4ad71 with ordered data mode. Quota mode: none.
[    1.213938] VFS: Mounted root (ext4 filesystem) readonly on device 8:3.
[    1.214892] devtmpfs: mounted
[    1.215767] Freeing unused kernel image (initmem) memory: 2484K
[    1.224273] usb 1-1: new full-speed USB device number 2 using ohci-pci
[    1.228034] Write protecting the kernel read-only data: 26624k
[    1.229060] Freeing unused kernel image (rodata/data gap) memory: 1900K
[    1.264408] x86/mm: Checked W+X mappings: passed, no W+X pages found.
[    1.264625] x86/mm: Checking user space page tables
[    1.300590] x86/mm: Checked W+X mappings: passed, no W+X pages found.
[    1.300836] Run /sbin/init as init process
[    1.300994]   with arguments:
[    1.300995]     /sbin/init
[    1.300995]   with environment:
[    1.300996]     HOME=/
[    1.300996]     TERM=linux
[    1.300997]     BOOT_IMAGE=/torvalds-mypark
[    1.335643] stty (90) used greatest stack depth: 13504 bytes left
[    1.341287] dmesg (91) used greatest stack depth: 13480 bytes left
[    1.408619] ip (145) used greatest stack depth: 12944 bytes left
[    1.437674] udevd[170]: starting version 3.2.11
[    1.443774] usb 1-1: New USB device found, idVendor=80ee, idProduct=0021, bcdDevice= 1.00
[    1.444065] usb 1-1: New USB device strings: Mfr=1, Product=3, SerialNumber=0
[    1.444282] usb 1-1: Product: USB Tablet
[    1.444507] usb 1-1: Manufacturer: VirtualBox
[    1.448932] udevd[171]: starting eudev-3.2.11
[    1.455869] input: VirtualBox USB Tablet as /devices/pci0000:00/0000:00:06.0/usb1/1-1/1-1:1.0/0003:80EE:0021.0001/input/input6
[    1.458605] hid-generic 0003:80EE:0021.0001: input,hidraw0: USB HID v1.10 Mouse [VirtualBox USB Tablet] on usb-0000:00:06.0-1/input0
[    1.488243] e1000 0000:00:03.0 mypark-enp0s3: renamed from eth0
[    6.231580] Adding 2097148k swap on /dev/sda2.  Priority:1 extents:1 across:2097148k 
[    6.244102] EXT4-fs (sda3): re-mounted dc9f5960-0745-4ebb-9221-81bff4c4ad71. Quota mode: none.
[    6.274859] EXT4-fs (sda3): re-mounted dc9f5960-0745-4ebb-9221-81bff4c4ad71. Quota mode: none.
[    6.285642] EXT4-fs (sda1): mounting ext2 file system using the ext4 subsystem
[    6.286779] EXT4-fs (sda1): mounted filesystem d7a74b88-d0a9-44b9-9b9d-6ec2c69737bc without journal. Quota mode: none.
[    7.163783] e1000: mypark-enp0s3 NIC Link is Up 1000 Mbps Full Duplex, Flow Control: RX
[    7.164401] IPv6: ADDRCONF(NETDEV_CHANGE): mypark-enp0s3: link becomes ready
