[    0.000000] Linux version 6.2.0-rc3-mypark-00021-g7dd4b804e080-dirty (root@mypark) (gcc (GCC) 12.2.0, GNU ld (GNU Binutils) 2.39) #3 SMP PREEMPT_DYNAMIC Thu Jan 12 09:38:13 KST 2023
[    0.000000] Command line: BOOT_IMAGE=/torvalds-mypark-build root=PARTUUID=8fd8fa37-03 ro
[    0.000000] x86/fpu: Supporting XSAVE feature 0x001: 'x87 floating point registers'
[    0.000000] x86/fpu: Supporting XSAVE feature 0x002: 'SSE registers'
[    0.000000] x86/fpu: Supporting XSAVE feature 0x004: 'AVX registers'
[    0.000000] x86/fpu: xstate_offset[2]:  576, xstate_sizes[2]:  256
[    0.000000] x86/fpu: Enabled xstate features 0x7, context size is 832 bytes, using 'standard' format.
[    0.000000] signal: max sigframe size: 1776
[    0.000000] BIOS-provided physical RAM map:
[    0.000000] BIOS-e820: [mem 0x0000000000000000-0x000000000009fbff] usable
[    0.000000] BIOS-e820: [mem 0x000000000009fc00-0x000000000009ffff] reserved
[    0.000000] BIOS-e820: [mem 0x00000000000f0000-0x00000000000fffff] reserved
[    0.000000] BIOS-e820: [mem 0x0000000000100000-0x00000000dffeffff] usable
[    0.000000] BIOS-e820: [mem 0x00000000dfff0000-0x00000000dfffffff] ACPI data
[    0.000000] BIOS-e820: [mem 0x00000000fec00000-0x00000000fec00fff] reserved
[    0.000000] BIOS-e820: [mem 0x00000000fee00000-0x00000000fee00fff] reserved
[    0.000000] BIOS-e820: [mem 0x00000000fffc0000-0x00000000ffffffff] reserved
[    0.000000] BIOS-e820: [mem 0x0000000100000000-0x000000021fffffff] usable
[    0.000000] NX (Execute Disable) protection: active
[    0.000000] SMBIOS 2.5 present.
[    0.000000] DMI: innotek GmbH VirtualBox/VirtualBox, BIOS VirtualBox 12/01/2006
[    0.000000] Hypervisor detected: KVM
[    0.000000] kvm-clock: Using msrs 4b564d01 and 4b564d00
[    0.000001] kvm-clock: using sched offset of 12543729827399 cycles
[    0.000004] clocksource: kvm-clock: mask: 0xffffffffffffffff max_cycles: 0x1cd42e4dffb, max_idle_ns: 881590591483 ns
[    0.000005] tsc: Detected 3095.998 MHz processor
[    0.000872] e820: update [mem 0x00000000-0x00000fff] usable ==> reserved
[    0.000874] e820: remove [mem 0x000a0000-0x000fffff] usable
[    0.000878] last_pfn = 0x220000 max_arch_pfn = 0x400000000
[    0.000885] MTRRs disabled by BIOS
[    0.000887] x86/PAT: Configuration [0-7]: WB  WC  UC- UC  WB  WP  UC- WT  
[    0.000903] last_pfn = 0xdfff0 max_arch_pfn = 0x400000000
[    0.011743] ACPI: Early table checksum verification disabled
[    0.011748] ACPI: RSDP 0x00000000000E0000 000024 (v02 VBOX  )
[    0.011752] ACPI: XSDT 0x00000000DFFF0030 00003C (v01 VBOX   VBOXXSDT 00000001 ASL  00000061)
[    0.011756] ACPI: FACP 0x00000000DFFF00F0 0000F4 (v04 VBOX   VBOXFACP 00000001 ASL  00000061)
[    0.011760] ACPI: DSDT 0x00000000DFFF0490 0022EA (v02 VBOX   VBOXBIOS 00000002 INTL 20100528)
[    0.011763] ACPI: FACS 0x00000000DFFF0200 000040
[    0.011765] ACPI: FACS 0x00000000DFFF0200 000040
[    0.011767] ACPI: APIC 0x00000000DFFF0240 00007C (v02 VBOX   VBOXAPIC 00000001 ASL  00000061)
[    0.011769] ACPI: SSDT 0x00000000DFFF02C0 0001CC (v01 VBOX   VBOXCPUT 00000002 INTL 20100528)
[    0.011771] ACPI: Reserving FACP table memory at [mem 0xdfff00f0-0xdfff01e3]
[    0.011772] ACPI: Reserving DSDT table memory at [mem 0xdfff0490-0xdfff2779]
[    0.011773] ACPI: Reserving FACS table memory at [mem 0xdfff0200-0xdfff023f]
[    0.011773] ACPI: Reserving FACS table memory at [mem 0xdfff0200-0xdfff023f]
[    0.011774] ACPI: Reserving APIC table memory at [mem 0xdfff0240-0xdfff02bb]
[    0.011774] ACPI: Reserving SSDT table memory at [mem 0xdfff02c0-0xdfff048b]
[    0.011920] No NUMA configuration found
[    0.011921] Faking a node at [mem 0x0000000000000000-0x000000021fffffff]
[    0.011924] NODE_DATA(0) allocated [mem 0x21fff8000-0x21fffbfff]
[    0.011936] Zone ranges:
[    0.011936]   DMA      [mem 0x0000000000001000-0x0000000000ffffff]
[    0.011938]   DMA32    [mem 0x0000000001000000-0x00000000ffffffff]
[    0.011939]   Normal   [mem 0x0000000100000000-0x000000021fffffff]
[    0.011940] Movable zone start for each node
[    0.011940] Early memory node ranges
[    0.011940]   node   0: [mem 0x0000000000001000-0x000000000009efff]
[    0.011941]   node   0: [mem 0x0000000000100000-0x00000000dffeffff]
[    0.011942]   node   0: [mem 0x0000000100000000-0x000000021fffffff]
[    0.011944] Initmem setup node 0 [mem 0x0000000000001000-0x000000021fffffff]
[    0.012115] On node 0, zone DMA: 1 pages in unavailable ranges
[    0.012127] On node 0, zone DMA: 97 pages in unavailable ranges
[    0.029672] On node 0, zone Normal: 16 pages in unavailable ranges
[    0.030031] ACPI: PM-Timer IO Port: 0x4008
[    0.030073] IOAPIC[0]: apic_id 6, version 32, address 0xfec00000, GSI 0-23
[    0.030076] ACPI: INT_SRC_OVR (bus 0 bus_irq 0 global_irq 2 dfl dfl)
[    0.030078] ACPI: INT_SRC_OVR (bus 0 bus_irq 9 global_irq 9 low level)
[    0.030081] ACPI: Using ACPI (MADT) for SMP configuration information
[    0.030086] smpboot: Allowing 6 CPUs, 0 hotplug CPUs
[    0.030101] PM: hibernation: Registered nosave memory: [mem 0x00000000-0x00000fff]
[    0.030102] PM: hibernation: Registered nosave memory: [mem 0x0009f000-0x0009ffff]
[    0.030103] PM: hibernation: Registered nosave memory: [mem 0x000a0000-0x000effff]
[    0.030103] PM: hibernation: Registered nosave memory: [mem 0x000f0000-0x000fffff]
[    0.030104] PM: hibernation: Registered nosave memory: [mem 0xdfff0000-0xdfffffff]
[    0.030104] PM: hibernation: Registered nosave memory: [mem 0xe0000000-0xfebfffff]
[    0.030105] PM: hibernation: Registered nosave memory: [mem 0xfec00000-0xfec00fff]
[    0.030105] PM: hibernation: Registered nosave memory: [mem 0xfec01000-0xfedfffff]
[    0.030106] PM: hibernation: Registered nosave memory: [mem 0xfee00000-0xfee00fff]
[    0.030106] PM: hibernation: Registered nosave memory: [mem 0xfee01000-0xfffbffff]
[    0.030107] PM: hibernation: Registered nosave memory: [mem 0xfffc0000-0xffffffff]
[    0.030108] [mem 0xe0000000-0xfebfffff] available for PCI devices
[    0.030108] Booting paravirtualized kernel on KVM
[    0.030110] clocksource: refined-jiffies: mask: 0xffffffff max_cycles: 0xffffffff, max_idle_ns: 1910969940391419 ns
[    0.034631] setup_percpu: NR_CPUS:64 nr_cpumask_bits:6 nr_cpu_ids:6 nr_node_ids:1
[    0.034878] percpu: Embedded 54 pages/cpu s181160 r8192 d31832 u262144
[    0.034882] pcpu-alloc: s181160 r8192 d31832 u262144 alloc=1*2097152
[    0.034883] pcpu-alloc: [0] 0 1 2 3 4 5 - - 
[    0.034897] Fallback order for Node 0: 0 
[    0.034899] Built 1 zonelists, mobility grouping on.  Total pages: 2064112
[    0.034900] Policy zone: Normal
[    0.034901] Kernel command line: BOOT_IMAGE=/torvalds-mypark-build root=PARTUUID=8fd8fa37-03 ro
[    0.034918] Unknown kernel command line parameters "BOOT_IMAGE=/torvalds-mypark-build", will be passed to user space.
[    0.034949] random: crng init done
[    0.035853] Dentry cache hash table entries: 1048576 (order: 11, 8388608 bytes, linear)
[    0.036293] Inode-cache hash table entries: 524288 (order: 10, 4194304 bytes, linear)
[    0.036382] mem auto-init: stack:all(zero), heap alloc:off, heap free:off
[    0.036386] software IO TLB: area num 8.
[    0.059320] Memory: 8137196K/8388152K available (18432K kernel code, 2641K rwdata, 6292K rodata, 2484K init, 1880K bss, 250696K reserved, 0K cma-reserved)
[    0.059345] SLUB: HWalign=64, Order=0-3, MinObjects=0, CPUs=6, Nodes=1
[    0.059351] Kernel/User page tables isolation: enabled
[    0.060113] Dynamic Preempt: voluntary
[    0.060304] rcu: Preemptible hierarchical RCU implementation.
[    0.060305] rcu: 	RCU event tracing is enabled.
[    0.060305] rcu: 	RCU restricting CPUs from NR_CPUS=64 to nr_cpu_ids=6.
[    0.060306] 	Trampoline variant of Tasks RCU enabled.
[    0.060307] rcu: RCU calculated value of scheduler-enlistment delay is 100 jiffies.
[    0.060308] rcu: Adjusting geometry for rcu_fanout_leaf=16, nr_cpu_ids=6
[    0.061221] NR_IRQS: 4352, nr_irqs: 472, preallocated irqs: 16
[    0.061372] rcu: srcu_init: Setting srcu_struct sizes based on contention.
[    0.065676] Console: colour VGA+ 80x25
[    0.065678] printk: console [tty0] enabled
[    0.088147] ACPI: Core revision 20221020
[    0.088407] APIC: Switch to symmetric I/O mode setup
[    0.089436] ..TIMER: vector=0x30 apic1=0 pin1=2 apic2=-1 pin2=-1
[    0.089641] clocksource: tsc-early: mask: 0xffffffffffffffff max_cycles: 0x2ca082f6619, max_idle_ns: 440795220240 ns
[    0.089960] Calibrating delay loop (skipped) preset value.. 6191.99 BogoMIPS (lpj=3095998)
[    0.090229] pid_max: default: 32768 minimum: 301
[    0.090401] LSM: initializing lsm=capability,integrity,selinux
[    0.090589] SELinux:  Initializing.
[    0.090752] Mount-cache hash table entries: 16384 (order: 5, 131072 bytes, linear)
[    0.090956] Mountpoint-cache hash table entries: 16384 (order: 5, 131072 bytes, linear)
[    0.092041] unchecked MSR access error: WRMSR to 0x3a (tried to write 0x0000000000000001) at rIP: 0xffffffff86245ff2 (init_ia32_feat_ctl+0x92/0x350)
[    0.092476] Call Trace:
[    0.092600]  <TASK>
[    0.092717]  init_intel+0xbd/0x4d0
[    0.092961]  identify_cpu+0x270/0x720
[    0.093123]  identify_boot_cpu+0x10/0xa9
[    0.093272]  check_bugs+0x27/0xf34
[    0.093410]  start_kernel+0x657/0x68f
[    0.093553]  secondary_startup_64_no_verify+0xe0/0xeb
[    0.093724]  </TASK>
[    0.093878] Last level iTLB entries: 4KB 128, 2MB 8, 4MB 8
[    0.093956] Last level dTLB entries: 4KB 64, 2MB 0, 4MB 0, 1GB 4
[    0.093956] Spectre V1 : Mitigation: usercopy/swapgs barriers and __user pointer sanitization
[    0.093956] Spectre V2 : Mitigation: Retpolines
[    0.093956] Spectre V2 : Spectre v2 / SpectreRSB mitigation: Filling RSB on context switch
[    0.093956] Spectre V2 : Spectre v2 / SpectreRSB : Filling RSB on VMEXIT
[    0.093957] RETBleed: WARNING: Spectre v2 mitigation leaves CPU vulnerable to RETBleed attacks, data leaks possible!
[    0.094269] RETBleed: Vulnerable
[    0.094402] Speculative Store Bypass: Vulnerable
[    0.094567] MDS: Mitigation: Clear CPU buffers
[    0.094724] MMIO Stale Data: Mitigation: Clear CPU buffers
[    0.094902] SRBDS: Unknown: Dependent on hypervisor status
[    0.109916] Freeing SMP alternatives memory: 44K
[    0.213034] smpboot: CPU0: Intel(R) Core(TM) i5-8600 CPU @ 3.10GHz (family: 0x6, model: 0x9e, stepping: 0xa)
[    0.213437] cblist_init_generic: Setting adjustable number of callback queues.
[    0.213688] cblist_init_generic: Setting shift to 3 and lim to 1.
[    0.213886] Performance Events: unsupported p6 CPU model 158 no PMU driver, software events only.
[    0.213983] rcu: Hierarchical SRCU implementation.
[    0.214149] rcu: 	Max phase no-delay instances is 400.
[    0.214449] smp: Bringing up secondary CPUs ...
[    0.214656] x86: Booting SMP configuration:
[    0.214958] .... node  #0, CPUs:      #1 #2 #3 #4 #5
[    0.223194] smp: Brought up 1 node, 6 CPUs
[    0.223533] smpboot: Max logical packages: 1
[    0.223691] smpboot: Total of 6 processors activated (37151.97 BogoMIPS)
[    0.237963] devtmpfs: initialized
[    0.240006] clocksource: jiffies: mask: 0xffffffff max_cycles: 0xffffffff, max_idle_ns: 1911260446275000 ns
[    0.240960] futex hash table entries: 2048 (order: 5, 131072 bytes, linear)
[    0.243957] PM: RTC time: 00:52:53, date: 2023-01-12
[    0.247980] NET: Registered PF_NETLINK/PF_ROUTE protocol family
[    0.248233] audit: initializing netlink subsys (disabled)
[    0.248449] audit: type=2000 audit(1673497318.203:1): state=initialized audit_enabled=0 res=1
[    0.248449] thermal_sys: Registered thermal governor 'step_wise'
[    0.248959] thermal_sys: Registered thermal governor 'user_space'
[    0.249188] cpuidle: using governor menu
[    0.249418] PCI: Using configuration type 1 for base access
[    0.250092] kprobes: kprobe jump-optimization is enabled. All kprobes are optimized if possible.
[    0.252975] HugeTLB: registered 2.00 MiB page size, pre-allocated 0 pages
[    0.252975] HugeTLB: 28 KiB vmemmap can be freed for a 2.00 MiB page
[    0.254156] ACPI: Added _OSI(Module Device)
[    0.254173] ACPI: Added _OSI(Processor Device)
[    0.254341] ACPI: Added _OSI(3.0 _SCP Extensions)
[    0.254341] ACPI: Added _OSI(Processor Aggregator Device)
[    0.255715] ACPI: 2 ACPI AML tables successfully acquired and loaded
[    0.320546] ACPI: Interpreter enabled
[    0.320546] ACPI: PM: (supports S0 S5)
[    0.320546] ACPI: Using IOAPIC for interrupt routing
[    0.320713] PCI: Using host bridge windows from ACPI; if necessary, use "pci=nocrs" and report a bug
[    0.320956] PCI: Using E820 reservations for host bridge windows
[    0.320956] ACPI: Enabled 2 GPEs in block 00 to 07
[    0.324425] ACPI: PCI Root Bridge [PCI0] (domain 0000 [bus 00-ff])
[    0.324639] acpi PNP0A03:00: _OSC: OS supports [ASPM ClockPM Segments MSI HPX-Type3]
[    0.324915] acpi PNP0A03:00: _OSC: not requesting OS control; OS requires [ExtendedConfig ASPM ClockPM MSI]
[    0.324956] acpi PNP0A03:00: fail to add MMCONFIG information, can't access extended configuration space under this bridge
[    0.325042] PCI host bridge to bus 0000:00
[    0.325960] pci_bus 0000:00: root bus resource [io  0x0000-0x0cf7 window]
[    0.326178] pci_bus 0000:00: root bus resource [io  0x0d00-0xffff window]
[    0.326396] pci_bus 0000:00: root bus resource [mem 0x000a0000-0x000bffff window]
[    0.326666] pci_bus 0000:00: root bus resource [mem 0xe0000000-0xfdffffff window]
[    0.326938] pci_bus 0000:00: root bus resource [bus 00-ff]
[    0.327992] pci 0000:00:00.0: [8086:1237] type 00 class 0x060000
[    0.328656] pci 0000:00:01.0: [8086:7000] type 00 class 0x060100
[    0.329617] pci 0000:00:01.1: [8086:7111] type 00 class 0x01018a
[    0.330228] pci 0000:00:01.1: reg 0x20: [io  0xd000-0xd00f]
[    0.330605] pci 0000:00:01.1: legacy IDE quirk: reg 0x10: [io  0x01f0-0x01f7]
[    0.330839] pci 0000:00:01.1: legacy IDE quirk: reg 0x14: [io  0x03f6]
[    0.330956] pci 0000:00:01.1: legacy IDE quirk: reg 0x18: [io  0x0170-0x0177]
[    0.330956] pci 0000:00:01.1: legacy IDE quirk: reg 0x1c: [io  0x0376]
[    0.331152] pci 0000:00:02.0: [15ad:0405] type 00 class 0x030000
[    0.335024] pci 0000:00:02.0: reg 0x10: [io  0xd010-0xd01f]
[    0.338966] pci 0000:00:02.0: reg 0x14: [mem 0xf0000000-0xf0ffffff]
[    0.346973] pci 0000:00:02.0: reg 0x18: [mem 0xf1000000-0xf11fffff]
[    0.361158] pci 0000:00:02.0: Video device with shadowed ROM at [mem 0x000c0000-0x000dffff]
[    0.362417] pci 0000:00:03.0: [8086:100e] type 00 class 0x020000
[    0.365975] pci 0000:00:03.0: reg 0x10: [mem 0xf1200000-0xf121ffff]
[    0.371050] pci 0000:00:03.0: reg 0x18: [io  0xd020-0xd027]
[    0.383001] pci 0000:00:04.0: [80ee:cafe] type 00 class 0x088000
[    0.385972] pci 0000:00:04.0: reg 0x10: [io  0xd040-0xd05f]
[    0.388974] pci 0000:00:04.0: reg 0x14: [mem 0xf1400000-0xf17fffff]
[    0.392075] pci 0000:00:04.0: reg 0x18: [mem 0xf1800000-0xf1803fff pref]
[    0.403991] pci 0000:00:05.0: [8086:2415] type 00 class 0x040100
[    0.404745] pci 0000:00:05.0: reg 0x10: [io  0xd100-0xd1ff]
[    0.404956] pci 0000:00:05.0: reg 0x14: [io  0xd200-0xd23f]
[    0.405514] pci 0000:00:06.0: [106b:003f] type 00 class 0x0c0310
[    0.408101] pci 0000:00:06.0: reg 0x10: [mem 0xf1804000-0xf1804fff]
[    0.429242] pci 0000:00:07.0: [8086:7113] type 00 class 0x068000
[    0.430331] pci 0000:00:07.0: quirk: [io  0x4000-0x403f] claimed by PIIX4 ACPI
[    0.430637] pci 0000:00:07.0: quirk: [io  0x4100-0x410f] claimed by PIIX4 SMB
[    0.431033] pci 0000:00:0d.0: [8086:2829] type 00 class 0x010601
[    0.433975] pci 0000:00:0d.0: reg 0x10: [io  0xd240-0xd247]
[    0.436068] pci 0000:00:0d.0: reg 0x14: [io  0xd248-0xd24b]
[    0.440989] pci 0000:00:0d.0: reg 0x18: [io  0xd250-0xd257]
[    0.445110] pci 0000:00:0d.0: reg 0x1c: [io  0xd258-0xd25b]
[    0.446992] pci 0000:00:0d.0: reg 0x20: [io  0xd260-0xd26f]
[    0.450035] pci 0000:00:0d.0: reg 0x24: [mem 0xf1806000-0xf1807fff]
[    0.455165] ACPI: PCI: Interrupt link LNKA configured for IRQ 11
[    0.455538] ACPI: PCI: Interrupt link LNKB configured for IRQ 10
[    0.455815] ACPI: PCI: Interrupt link LNKC configured for IRQ 9
[    0.456028] ACPI: PCI: Interrupt link LNKD configured for IRQ 11
[    0.456445] iommu: Default domain type: Translated 
[    0.456627] iommu: DMA domain TLB invalidation policy: lazy mode 
[    0.456896] SCSI subsystem initialized
[    0.456979] libata version 3.00 loaded.
[    0.457005] ACPI: bus type USB registered
[    0.457228] usbcore: registered new interface driver usbfs
[    0.457420] usbcore: registered new interface driver hub
[    0.457610] usbcore: registered new device driver usb
[    0.457799] pps_core: LinuxPPS API ver. 1 registered
[    0.457956] pps_core: Software ver. 5.3.6 - Copyright 2005-2007 Rodolfo Giometti <giometti@linux.it>
[    0.457956] PTP clock support registered
[    0.458004] Advanced Linux Sound Architecture Driver Initialized.
[    0.459073] NetLabel: Initializing
[    0.459221] NetLabel:  domain hash size = 128
[    0.459386] NetLabel:  protocols = UNLABELED CIPSOv4 CALIPSO
[    0.459595] NetLabel:  unlabeled traffic allowed by default
[    0.459805] PCI: Using ACPI for IRQ routing
[    0.459959] PCI: pci_cache_line_size set to 64 bytes
[    0.460196] e820: reserve RAM buffer [mem 0x0009fc00-0x0009ffff]
[    0.460200] e820: reserve RAM buffer [mem 0xdfff0000-0xdfffffff]
[    0.460979] pci 0000:00:02.0: vgaarb: setting as boot VGA device
[    0.461183] pci 0000:00:02.0: vgaarb: bridge control possible
[    0.461378] pci 0000:00:02.0: vgaarb: VGA device added: decodes=io+mem,owns=io+mem,locks=none
[    0.461670] vgaarb: loaded
[    0.462494] clocksource: Switched to clocksource kvm-clock
[    0.462788] VFS: Disk quotas dquot_6.6.0
[    0.463443] VFS: Dquot-cache hash table entries: 512 (order 0, 4096 bytes)
[    0.463808] pnp: PnP ACPI init
[    0.464911] pnp: PnP ACPI: found 2 devices
[    0.475902] clocksource: acpi_pm: mask: 0xffffff max_cycles: 0xffffff, max_idle_ns: 2085701024 ns
[    0.475993] NET: Registered PF_INET protocol family
[    0.476710] IP idents hash table entries: 131072 (order: 8, 1048576 bytes, linear)
[    0.477677] tcp_listen_portaddr_hash hash table entries: 4096 (order: 4, 65536 bytes, linear)
[    0.477677] Table-perturb hash table entries: 65536 (order: 6, 262144 bytes, linear)
[    0.477677] TCP established hash table entries: 65536 (order: 7, 524288 bytes, linear)
[    0.477677] TCP bind hash table entries: 65536 (order: 9, 2097152 bytes, linear)
[    0.479482] TCP: Hash tables configured (established 65536 bind 65536)
[    0.479753] UDP hash table entries: 4096 (order: 5, 131072 bytes, linear)
[    0.480047] UDP-Lite hash table entries: 4096 (order: 5, 131072 bytes, linear)
[    0.480532] NET: Registered PF_UNIX/PF_LOCAL protocol family
[    0.481068] RPC: Registered named UNIX socket transport module.
[    0.481277] RPC: Registered udp transport module.
[    0.481450] RPC: Registered tcp transport module.
[    0.481622] RPC: Registered tcp NFSv4.1 backchannel transport module.
[    0.482494] pci_bus 0000:00: resource 4 [io  0x0000-0x0cf7 window]
[    0.482716] pci_bus 0000:00: resource 5 [io  0x0d00-0xffff window]
[    0.482919] pci_bus 0000:00: resource 6 [mem 0x000a0000-0x000bffff window]
[    0.483137] pci_bus 0000:00: resource 7 [mem 0xe0000000-0xfdffffff window]
[    0.483394] pci 0000:00:00.0: Limiting direct PCI/PCI transfers
[    0.484386] PCI: CLS 0 bytes, default 64
[    0.484559] PCI-DMA: Using software bounce buffering for IO (SWIOTLB)
[    0.484783] software IO TLB: mapped [mem 0x00000000dbff0000-0x00000000dfff0000] (64MB)
[    0.485486] RAPL PMU: API unit is 2^-32 Joules, 0 fixed counters, 10737418240 ms ovfl timer
[    0.485787] clocksource: tsc: mask: 0xffffffffffffffff max_cycles: 0x2ca082f6619, max_idle_ns: 440795220240 ns
[    0.496628] clocksource: Switched to clocksource tsc
[    0.497027] platform rtc_cmos: registered platform RTC device (no PNP device found)
[    0.499245] Initialise system trusted keyrings
[    0.499521] workingset: timestamp_bits=56 max_order=21 bucket_order=0
[    0.499893] NFS: Registering the id_resolver key type
[    0.500115] Key type id_resolver registered
[    0.500277] Key type id_legacy registered
[    0.500506] 9p: Installing v9fs 9p2000 file system support
[    0.507699] Key type asymmetric registered
[    0.507865] Asymmetric key parser 'x509' registered
[    0.508058] Block layer SCSI generic (bsg) driver version 0.4 loaded (major 251)
[    0.508099] io scheduler mq-deadline registered
[    0.508099] io scheduler kyber registered
[    0.509375] ACPI: AC: AC Adapter [AC] (on-line)
[    0.509590] input: Power Button as /devices/LNXSYSTM:00/LNXPWRBN:00/input/input0
[    0.510071] ACPI: button: Power Button [PWRF]
[    0.510294] input: Sleep Button as /devices/LNXSYSTM:00/LNXSLPBN:00/input/input1
[    0.510582] ACPI: button: Sleep Button [SLPF]
[    0.510828] ACPI: video: Video Device [GFX0] (multi-head: yes  rom: no  post: no)
[    0.511043] input: Video Bus as /devices/LNXSYSTM:00/LNXSYBUS:00/PNP0A03:00/LNXVIDEO:00/input/input2
[    0.511907] Serial: 8250/16550 driver, 4 ports, IRQ sharing enabled
[    0.513254] Non-volatile memory driver v1.3
[    0.513426] Linux agpgart interface v0.103
[    0.514187] ACPI: bus type drm_connector registered
[    0.516600] loop: module loaded
[    0.516787] ahci 0000:00:0d.0: version 3.0
[    0.517179] ahci 0000:00:0d.0: SSS flag set, parallel bus scan disabled
[    0.517550] ahci 0000:00:0d.0: AHCI 0001.0100 32 slots 2 ports 3 Gbps 0x3 impl SATA mode
[    0.517848] ahci 0000:00:0d.0: flags: 64bit ncq stag only ccc 
[    0.518508] scsi host0: ahci
[    0.518947] scsi host1: ahci
[    0.519349] ata1: SATA max UDMA/133 abar m8192@0xf1806000 port 0xf1806100 irq 21
[    0.519623] ata2: SATA max UDMA/133 abar m8192@0xf1806000 port 0xf1806180 irq 21
[    0.519921] ata_piix 0000:00:01.1: version 2.13
[    0.520715] scsi host2: ata_piix
[    0.521187] scsi host3: ata_piix
[    0.521374] ata3: PATA max UDMA/33 cmd 0x1f0 ctl 0x3f6 bmdma 0xd000 irq 14
[    0.521594] ata4: PATA max UDMA/33 cmd 0x170 ctl 0x376 bmdma 0xd008 irq 15
[    0.522004] e100: Intel(R) PRO/100 Network Driver
[    0.522220] e100: Copyright(c) 1999-2006 Intel Corporation
[    0.522432] e1000: Intel(R) PRO/1000 Network Driver
[    0.522716] e1000: Copyright (c) 1999-2006 Intel Corporation.
[    0.681626] ata4.00: ATAPI: VBOX CD-ROM, 1.0, max UDMA/133
[    0.843238] ata1: SATA link down (SStatus 0 SControl 300)
[    0.870049] e1000 0000:00:03.0 eth0: (PCI:33MHz:32-bit) 08:00:27:f6:af:59
[    0.870049] e1000 0000:00:03.0 eth0: Intel(R) PRO/1000 Network Connection
[    0.870049] e1000e: Intel(R) PRO/1000 Network Driver
[    0.870049] e1000e: Copyright(c) 1999 - 2015 Intel Corporation.
[    0.870049] sky2: driver version 1.30
[    0.871765] ohci-pci 0000:00:06.0: OHCI PCI host controller
[    0.872084] ohci-pci 0000:00:06.0: new USB bus registered, assigned bus number 1
[    0.872391] ohci-pci 0000:00:06.0: irq 22, io mem 0xf1804000
[    0.924699] usb usb1: New USB device found, idVendor=1d6b, idProduct=0001, bcdDevice= 6.02
[    0.924990] usb usb1: New USB device strings: Mfr=3, Product=2, SerialNumber=1
[    0.925248] usb usb1: Product: OHCI PCI host controller
[    0.925419] usb usb1: Manufacturer: Linux 6.2.0-rc3-mypark-00021-g7dd4b804e080-dirty ohci_hcd
[    0.925419] usb usb1: SerialNumber: 0000:00:06.0
[    0.926146] hub 1-0:1.0: USB hub found
[    0.926308] hub 1-0:1.0: 12 ports detected
[    0.926812] usbcore: registered new interface driver usblp
[    0.927018] usbcore: registered new interface driver usb-storage
[    0.927095] i8042: PNP: PS/2 Controller [PNP0303:PS2K,PNP0f03:PS2M] at 0x60,0x64 irq 1,12
[    0.927970] serio: i8042 KBD port at 0x60,0x64 irq 1
[    0.928150] serio: i8042 AUX port at 0x60,0x64 irq 12
[    0.929174] rtc_cmos rtc_cmos: registered as rtc0
[    0.929455] rtc_cmos rtc_cmos: alarms up to one day, 114 bytes nvram
[    0.929687] fail to initialize ptp_kvm
[    0.929780] input: AT Translated Set 2 keyboard as /devices/platform/i8042/serio0/input/input3
[    0.930263] device-mapper: ioctl: 4.47.0-ioctl (2022-07-28) initialised: dm-devel@redhat.com
[    0.930586] intel_pstate: CPU model not supported
[    0.931093] hid: raw HID events driver (C) Jiri Kosina
[    0.931407] usbcore: registered new interface driver usbhid
[    0.931612] usbhid: USB HID core driver
[    0.932788] Initializing XFRM netlink socket
[    0.933118] NET: Registered PF_INET6 protocol family
[    0.933797] Segment Routing with IPv6
[    0.933984] In-situ OAM (IOAM) with IPv6
[    0.934266] sit: IPv6, IPv4 and MPLS over IPv4 tunneling driver
[    0.934615] NET: Registered PF_PACKET protocol family
[    0.934825] 9pnet: Installing 9P2000 support
[    0.935017] Key type dns_resolver registered
[    0.936086] IPI shorthand broadcast: enabled
[    0.938172] sched_clock: Marking stable (909628197, 28358968)->(972347660, -34360495)
[    0.938807] registered taskstats version 1
[    0.938969] Loading compiled-in X.509 certificates
[    0.940323] PM:   Magic number: 7:206:860
[    0.940519] printk: console [netcon0] enabled
[    0.940692] netconsole: network logging started
[    0.941231] cfg80211: Loading compiled-in X.509 certificates for regulatory database
[    0.941700] kworker/u12:0 (77) used greatest stack depth: 14184 bytes left
[    0.942370] cfg80211: Loaded X.509 cert 'sforshee: 00b28ddf47aef9cea7'
[    0.942595] platform regulatory.0: Direct firmware load for regulatory.db failed with error -2
[    0.942884] cfg80211: failed to load regulatory.db
[    0.943062] ALSA device list:
[    0.943659]   No soundcards found.
[    1.163972] ata2: SATA link up 3.0 Gbps (SStatus 123 SControl 300)
[    1.164454] ata2.00: ATA-6: VBOX HARDDISK, 1.0, max UDMA/133
[    1.164685] ata2.00: 83886080 sectors, multi 128: LBA48 NCQ (depth 32)
[    1.165265] ata2.00: configured for UDMA/133
[    1.165607] scsi 1:0:0:0: Direct-Access     ATA      VBOX HARDDISK    1.0  PQ: 0 ANSI: 5
[    1.166313] sd 1:0:0:0: [sda] 83886080 512-byte logical blocks: (42.9 GB/40.0 GiB)
[    1.166335] sd 1:0:0:0: Attached scsi generic sg0 type 0
[    1.166712] sd 1:0:0:0: [sda] Write Protect is off
[    1.167412] sd 1:0:0:0: [sda] Mode Sense: 00 3a 00 00
[    1.167420] sd 1:0:0:0: [sda] Write cache: enabled, read cache: enabled, doesn't support DPO or FUA
[    1.167642] scsi 3:0:0:0: CD-ROM            VBOX     CD-ROM           1.0  PQ: 0 ANSI: 5
[    1.167916] sd 1:0:0:0: [sda] Preferred minimum I/O size 512 bytes
[    1.173515] input: ImExPS/2 Generic Explorer Mouse as /devices/platform/i8042/serio1/input/input5
[    1.178311]  sda: sda1 sda2 sda3
[    1.178906] sd 1:0:0:0: [sda] Attached SCSI disk
[    1.202862] sr 3:0:0:0: [sr0] scsi3-mmc drive: 32x/32x xa/form2 tray
[    1.203074] cdrom: Uniform CD-ROM driver Revision: 3.20
[    1.216643] usb 1-1: new full-speed USB device number 2 using ohci-pci
[    1.221675] sr 3:0:0:0: Attached scsi CD-ROM sr0
[    1.221802] sr 3:0:0:0: Attached scsi generic sg1 type 5
[    1.222180] md: Waiting for all devices to be available before autodetect
[    1.222416] md: If you don't use raid, use raid=noautodetect
[    1.222610] md: Autodetecting RAID arrays.
[    1.222769] md: autorun ...
[    1.222902] md: ... autorun DONE.
[    1.227239] EXT4-fs (sda3): mounted filesystem dc9f5960-0745-4ebb-9221-81bff4c4ad71 with ordered data mode. Quota mode: none.
[    1.227609] VFS: Mounted root (ext4 filesystem) readonly on device 8:3.
[    1.228328] devtmpfs: mounted
[    1.229043] Freeing unused kernel image (initmem) memory: 2484K
[    1.232040] Write protecting the kernel read-only data: 26624k
[    1.232838] Freeing unused kernel image (rodata/data gap) memory: 1900K
[    1.267719] x86/mm: Checked W+X mappings: passed, no W+X pages found.
[    1.267984] x86/mm: Checking user space page tables
[    1.303752] x86/mm: Checked W+X mappings: passed, no W+X pages found.
[    1.303971] Run /sbin/init as init process
[    1.304127]   with arguments:
[    1.304128]     /sbin/init
[    1.304129]   with environment:
[    1.304129]     HOME=/
[    1.304130]     TERM=linux
[    1.304130]     BOOT_IMAGE=/torvalds-mypark-build
[    1.336623] stty (90) used greatest stack depth: 13712 bytes left
[    1.342455] dmesg (91) used greatest stack depth: 13480 bytes left
[    1.346374] ls (94) used greatest stack depth: 13312 bytes left
[    1.414259] ip (144) used greatest stack depth: 12944 bytes left
[    1.443343] udevd[169]: starting version 3.2.11
[    1.456474] udevd[170]: starting eudev-3.2.11
[    1.497459] e1000 0000:00:03.0 mypark-enp0s3: renamed from eth0
[    1.499990] usb 1-1: New USB device found, idVendor=80ee, idProduct=0021, bcdDevice= 1.00
[    1.500365] usb 1-1: New USB device strings: Mfr=1, Product=3, SerialNumber=0
[    1.500605] usb 1-1: Product: USB Tablet
[    1.500784] usb 1-1: Manufacturer: VirtualBox
[    1.515416] input: VirtualBox USB Tablet as /devices/pci0000:00/0000:00:06.0/usb1/1-1/1-1:1.0/0003:80EE:0021.0001/input/input6
[    1.516409] hid-generic 0003:80EE:0021.0001: input,hidraw0: USB HID v1.10 Mouse [VirtualBox USB Tablet] on usb-0000:00:06.0-1/input0
[    7.119889] Adding 2097148k swap on /dev/sda2.  Priority:1 extents:1 across:2097148k 
[    7.132301] EXT4-fs (sda3): re-mounted dc9f5960-0745-4ebb-9221-81bff4c4ad71. Quota mode: none.
[    7.162468] EXT4-fs (sda3): re-mounted dc9f5960-0745-4ebb-9221-81bff4c4ad71. Quota mode: none.
[    7.175533] EXT4-fs (sda1): mounting ext2 file system using the ext4 subsystem
[    7.177159] EXT4-fs (sda1): mounted filesystem d7a74b88-d0a9-44b9-9b9d-6ec2c69737bc without journal. Quota mode: none.
[    7.454459] e1000: mypark-enp0s3 NIC Link is Up 1000 Mbps Full Duplex, Flow Control: RX
[    7.454860] IPv6: ADDRCONF(NETDEV_CHANGE): mypark-enp0s3: link becomes ready
